This is XeTeX, Version 3.141592653-2.6-0.999995 (TeX Live 2023) (preloaded format=xelatex 2023.5.31)  18 JUN 2026 14:44
entering extended mode
 restricted \write18 enabled.
 file:line:error style messages enabled.
 %&-line parsing enabled.
**c:/Users/gimna/Desktop/BMSTU/Diploma/diplom/tex/report.tex
(c:/Users/gimna/Desktop/BMSTU/Diploma/diplom/tex/report.tex
LaTeX2e <2022-11-01> patch level 1
L3 programming layer <2023-05-22> (c:/texlive/2023/texmf-dist/tex/latex/extsizes/extarticle.cls
Document Class: extarticle 1996/10/08 v1.0 Non Standard LaTeX document class
(c:/texlive/2023/texmf-dist/tex/latex/extsizes/size14.clo
File: size14.clo 1999/11/11 v1.4a NON-Standard LaTeX file (size option)
) (c:/texlive/2023/texmf-dist/tex/latex/base/exscale.sty
Package: exscale 2018/09/24 v2.1i Standard LaTeX package exscale
LaTeX Font Info:    Redeclaring symbol font `largesymbols' on input line 57.
LaTeX Font Info:    Overwriting symbol font `largesymbols' in version `normal'
(Font)                  OMX/cmex/m/n --> OMX/cmex/m/n on input line 57.
LaTeX Font Info:    Overwriting symbol font `largesymbols' in version `bold'
(Font)                  OMX/cmex/m/n --> OMX/cmex/m/n on input line 57.
\big@size=\dimen140
)
\c@part=\count181
\c@section=\count182
\c@subsection=\count183
\c@subsubsection=\count184
\c@paragraph=\count185
\c@subparagraph=\count186
\c@figure=\count187
\c@table=\count188
\abovecaptionskip=\skip48
\belowcaptionskip=\skip49
\bibindent=\dimen141
) (./preambul.tex (c:/texlive/2023/texmf-dist/tex/latex/t2/mathtext.sty
Package: mathtext 2018/04/14 v1.0 transparent text-and-math defs
LaTeX Info: Redefining \halign on input line 121.
) (c:/texlive/2023/texmf-dist/tex/latex/amsmath/amsmath.sty
Package: amsmath 2022/04/08 v2.17n AMS math features
\@mathmargin=\skip50

For additional information on amsmath, use the `?' option.
(c:/texlive/2023/texmf-dist/tex/latex/amsmath/amstext.sty
Package: amstext 2021/08/26 v2.01 AMS text
 (c:/texlive/2023/texmf-dist/tex/latex/amsmath/amsgen.sty
File: amsgen.sty 1999/11/30 v2.0 generic functions
\@emptytoks=\toks16
\ex@=\dimen142
)) (c:/texlive/2023/texmf-dist/tex/latex/amsmath/amsbsy.sty
Package: amsbsy 1999/11/29 v1.2d Bold Symbols
\pmbraise@=\dimen143
) (c:/texlive/2023/texmf-dist/tex/latex/amsmath/amsopn.sty
Package: amsopn 2022/04/08 v2.04 operator names
)
\inf@bad=\count189
LaTeX Info: Redefining \frac on input line 234.
\uproot@=\count190
\leftroot@=\count191
LaTeX Info: Redefining \overline on input line 399.
LaTeX Info: Redefining \colon on input line 410.
\classnum@=\count192
\DOTSCASE@=\count193
LaTeX Info: Redefining \ldots on input line 496.
LaTeX Info: Redefining \dots on input line 499.
LaTeX Info: Redefining \cdots on input line 620.
\Mathstrutbox@=\box51
\strutbox@=\box52
LaTeX Info: Redefining \big on input line 722.
LaTeX Info: Redefining \Big on input line 723.
LaTeX Info: Redefining \bigg on input line 724.
LaTeX Info: Redefining \Bigg on input line 725.
\big@size=\dimen144
LaTeX Font Info:    Redeclaring font encoding OML on input line 743.
\symOMLletters=\mathgroup4
LaTeX Font Info:    Redeclaring font encoding OMS on input line 744.
\symOMSletters=\mathgroup5
\macc@depth=\count194
LaTeX Info: Redefining \bmod on input line 905.
LaTeX Info: Redefining \pmod on input line 910.
LaTeX Info: Redefining \smash on input line 940.
LaTeX Info: Redefining \relbar on input line 970.
LaTeX Info: Redefining \Relbar on input line 971.
\c@MaxMatrixCols=\count195
\dotsspace@=\muskip16
\c@parentequation=\count196
\dspbrk@lvl=\count197
\tag@help=\toks17
\row@=\count198
\column@=\count199
\maxfields@=\count266
\andhelp@=\toks18
\eqnshift@=\dimen145
\alignsep@=\dimen146
\tagshift@=\dimen147
\tagwidth@=\dimen148
\totwidth@=\dimen149
\lineht@=\dimen150
\@envbody=\toks19
\multlinegap=\skip51
\multlinetaggap=\skip52
\mathdisplay@stack=\toks20
LaTeX Info: Redefining \[ on input line 2953.
LaTeX Info: Redefining \] on input line 2954.
) (c:/texlive/2023/texmf-dist/tex/latex/amsfonts/amsfonts.sty
Package: amsfonts 2013/01/14 v3.01 Basic AMSFonts support
\symAMSa=\mathgroup6
\symAMSb=\mathgroup7
LaTeX Font Info:    Redeclaring math symbol \hbar on input line 98.
LaTeX Font Info:    Overwriting math alphabet `\mathfrak' in version `bold'
(Font)                  U/euf/m/n --> U/euf/b/n on input line 106.
) (c:/texlive/2023/texmf-dist/tex/latex/amsfonts/amssymb.sty
Package: amssymb 2013/01/14 v3.01 AMS font symbols
) (c:/texlive/2023/texmf-dist/tex/latex/base/latexsym.sty
Package: latexsym 1998/08/17 v2.2e Standard LaTeX package (lasy symbols)
\symlasy=\mathgroup8
LaTeX Font Info:    Overwriting symbol font `lasy' in version `bold'
(Font)                  U/lasy/m/n --> U/lasy/b/n on input line 52.
) (c:/texlive/2023/texmf-dist/tex/latex/mathtools/mathtools.sty
Package: mathtools 2022/06/29 v1.29 mathematical typesetting tools
 (c:/texlive/2023/texmf-dist/tex/latex/graphics/keyval.sty
Package: keyval 2022/05/29 v1.15 key=value parser (DPC)
\KV@toks@=\toks21
) (c:/texlive/2023/texmf-dist/tex/latex/tools/calc.sty
Package: calc 2017/05/25 v4.3 Infix arithmetic (KKT,FJ)
\calc@Acount=\count267
\calc@Bcount=\count268
\calc@Adimen=\dimen151
\calc@Bdimen=\dimen152
\calc@Askip=\skip53
\calc@Bskip=\skip54
LaTeX Info: Redefining \setlength on input line 80.
LaTeX Info: Redefining \addtolength on input line 81.
\calc@Ccount=\count269
\calc@Cskip=\skip55
) (c:/texlive/2023/texmf-dist/tex/latex/mathtools/mhsetup.sty
Package: mhsetup 2021/03/18 v1.4 programming setup (MH)
)
\g_MT_multlinerow_int=\count270
\l_MT_multwidth_dim=\dimen153
\origjot=\skip56
\l_MT_shortvdotswithinadjustabove_dim=\dimen154
\l_MT_shortvdotswithinadjustbelow_dim=\dimen155
\l_MT_above_intertext_sep=\dimen156
\l_MT_below_intertext_sep=\dimen157
\l_MT_above_shortintertext_sep=\dimen158
\l_MT_below_shortintertext_sep=\dimen159
\xmathstrut@box=\box53
\xmathstrut@dim=\dimen160
) (c:/texlive/2023/texmf-dist/tex/generic/babel/babel.sty
Package: babel 2023/05/11 v3.89 The Babel package
\babel@savecnt=\count271
\U@D=\dimen161
\l@unhyphenated=\language87
 (c:/texlive/2023/texmf-dist/tex/generic/babel/xebabel.def)
\bbl@readstream=\read2
\bbl@dirlevel=\count272
 (c:/texlive/2023/texmf-dist/tex/generic/babel-russian/russianb.ldf
File: russianb.ldf 2021/01/10 1.3m Russian support for the Babel system
Language: russian 2020/09/09 1.3k Russian support for the Babel system
Package babel Info: Making " an active character on input line 124.
Package babel Info: Default for \cyrdash is provided on input line 163.
)) (c:/texlive/2023/texmf-dist/tex/generic/babel/locale/ru/babel-russian.tex
Package babel Info: Importing font and identification data for russian
(babel)             from babel-ru.ini. Reported on input line 11.
) (c:/texlive/2023/texmf-dist/tex/latex/cmap/cmap.sty
Package: cmap 2021/02/06 v1.0j CMap support: searchable PDF


Package cmap Warning: pdftex not detected - exiting.

) (c:/texlive/2023/texmf-dist/tex/latex/fontspec/fontspec.sty (c:/texlive/2023/texmf-dist/tex/latex/l3packages/xparse/xparse.sty (c:/texlive/2023/texmf-dist/tex/latex/l3kernel/expl3.sty
Package: expl3 2023-05-22 L3 programming layer (loader) 
 (c:/texlive/2023/texmf-dist/tex/latex/l3backend/l3backend-xetex.def
File: l3backend-xetex.def 2023-04-19 L3 backend support: XeTeX
\g__graphics_track_int=\count273
\l__pdf_internal_box=\box54
\g__pdf_backend_object_int=\count274
\g__pdf_backend_annotation_int=\count275
\g__pdf_backend_link_int=\count276
))
Package: xparse 2023-02-02 L3 Experimental document command parser
)
Package: fontspec 2022/01/15 v2.8a Font selection for XeLaTeX and LuaLaTeX
 (c:/texlive/2023/texmf-dist/tex/latex/fontspec/fontspec-xetex.sty
Package: fontspec-xetex 2022/01/15 v2.8a Font selection for XeLaTeX and LuaLaTeX
\l__fontspec_script_int=\count277
\l__fontspec_language_int=\count278
\l__fontspec_strnum_int=\count279
\l__fontspec_tmp_int=\count280
\l__fontspec_tmpa_int=\count281
\l__fontspec_tmpb_int=\count282
\l__fontspec_tmpc_int=\count283
\l__fontspec_em_int=\count284
\l__fontspec_emdef_int=\count285
\l__fontspec_strong_int=\count286
\l__fontspec_strongdef_int=\count287
\l__fontspec_tmpa_dim=\dimen162
\l__fontspec_tmpb_dim=\dimen163
\l__fontspec_tmpc_dim=\dimen164
 (c:/texlive/2023/texmf-dist/tex/latex/base/fontenc.sty
Package: fontenc 2021/04/29 v2.0v Standard LaTeX package
) (c:/texlive/2023/texmf-dist/tex/latex/fontspec/fontspec.cfg)))

Package fontspec Info: Font family 'TimesNewRoman(0)' created for font 'Times
(fontspec)             New Roman' with options [Ligatures=TeX].
(fontspec)              
(fontspec)              This font family consists of the following NFSS
(fontspec)             series/shapes:
(fontspec)              
(fontspec)             - 'normal' (m/n) with NFSS spec.: <->"Times New
(fontspec)             Roman/OT:script=latn;language=dflt;mapping=tex-text;"
(fontspec)             - 'small caps'  (m/sc) with NFSS spec.: <->"Times New
(fontspec)             Roman/OT:script=latn;language=dflt;+smcp;mapping=tex-text;"
(fontspec)             - 'bold' (b/n) with NFSS spec.: <->"Times New
(fontspec)             Roman/B/OT:script=latn;language=dflt;mapping=tex-text;"
(fontspec)             - 'bold small caps'  (b/sc) with NFSS spec.: <->"Times
(fontspec)             New
(fontspec)             Roman/B/OT:script=latn;language=dflt;+smcp;mapping=tex-text;"
(fontspec)             - 'italic' (m/it) with NFSS spec.: <->"Times New
(fontspec)             Roman/I/OT:script=latn;language=dflt;mapping=tex-text;"
(fontspec)             - 'italic small caps'  (m/scit) with NFSS spec.:
(fontspec)             <->"Times New
(fontspec)             Roman/I/OT:script=latn;language=dflt;+smcp;mapping=tex-text;"
(fontspec)             - 'bold italic' (b/it) with NFSS spec.: <->"Times New
(fontspec)             Roman/BI/OT:script=latn;language=dflt;mapping=tex-text;"
(fontspec)             - 'bold italic small caps'  (b/scit) with NFSS spec.:
(fontspec)             <->"Times New
(fontspec)             Roman/BI/OT:script=latn;language=dflt;+smcp;mapping=tex-text;"

 (c:/texlive/2023/texmf-dist/tex/latex/graphics/graphicx.sty
Package: graphicx 2021/09/16 v1.2d Enhanced LaTeX Graphics (DPC,SPQR)
 (c:/texlive/2023/texmf-dist/tex/latex/graphics/graphics.sty
Package: graphics 2022/03/10 v1.4e Standard LaTeX Graphics (DPC,SPQR)
 (c:/texlive/2023/texmf-dist/tex/latex/graphics/trig.sty
Package: trig 2021/08/11 v1.11 sin cos tan (DPC)
) (c:/texlive/2023/texmf-dist/tex/latex/graphics-cfg/graphics.cfg
File: graphics.cfg 2016/06/04 v1.11 sample graphics configuration
)
Package graphics Info: Driver file: xetex.def on input line 107.
 (c:/texlive/2023/texmf-dist/tex/latex/graphics-def/xetex.def
File: xetex.def 2022/09/22 v5.0n Graphics/color driver for xetex
))
\Gin@req@height=\dimen165
\Gin@req@width=\dimen166
) (c:/texlive/2023/texmf-dist/tex/latex/csvsimple/csvsimple.sty (c:/texlive/2023/texmf-dist/tex/latex/l3packages/l3keys2e/l3keys2e.sty
Package: l3keys2e 2023-02-02 LaTeX2e option processing using LaTeX3 keys
)
Package: csvsimple 2023/05/09 v2.4.0 LaTeX CSV file processing
) (c:/texlive/2023/texmf-dist/tex/latex/csvsimple/csvsimple-legacy.sty
Package: csvsimple-legacy 2023/05/09 version 2.4.0 LaTeX2e CSV file processing
 (c:/texlive/2023/texmf-dist/tex/latex/pgf/utilities/pgfrcs.sty (c:/texlive/2023/texmf-dist/tex/generic/pgf/utilities/pgfutil-common.tex
\pgfutil@everybye=\toks22
\pgfutil@tempdima=\dimen167
\pgfutil@tempdimb=\dimen168
) (c:/texlive/2023/texmf-dist/tex/generic/pgf/utilities/pgfutil-latex.def
\pgfutil@abb=\box55
) (c:/texlive/2023/texmf-dist/tex/generic/pgf/utilities/pgfrcs.code.tex (c:/texlive/2023/texmf-dist/tex/generic/pgf/pgf.revision.tex)
Package: pgfrcs 2023-01-15 v3.1.10 (3.1.10)
)) (c:/texlive/2023/texmf-dist/tex/latex/pgf/utilities/pgfkeys.sty (c:/texlive/2023/texmf-dist/tex/generic/pgf/utilities/pgfkeys.code.tex
\pgfkeys@pathtoks=\toks23
\pgfkeys@temptoks=\toks24
 (c:/texlive/2023/texmf-dist/tex/generic/pgf/utilities/pgfkeyslibraryfiltered.code.tex
\pgfkeys@tmptoks=\toks25
))) (c:/texlive/2023/texmf-dist/tex/latex/base/ifthen.sty
Package: ifthen 2022/04/13 v1.1d Standard LaTeX ifthen package (DPC)
) (c:/texlive/2023/texmf-dist/tex/latex/etoolbox/etoolbox.sty
Package: etoolbox 2020/10/05 v2.5k e-TeX tools for LaTeX (JAW)
\etb@tempcnta=\count288
) (c:/texlive/2023/texmf-dist/tex/latex/tools/shellesc.sty
Package: shellesc 2019/11/08 v1.0c unified shell escape interface for LaTeX
Package shellesc Info: Restricted shell escape enabled on input line 77.
)
\csv@file=\read3
\c@csvinputline=\count289
\c@csvrow=\count290
\c@csvcol=\count291
\csv@out=\write3
) (c:/texlive/2023/texmf-dist/tex/latex/tools/array.sty
Package: array 2022/09/04 v2.5g Tabular extension package (FMi)
\col@sep=\dimen169
\ar@mcellbox=\box56
\extrarowheight=\dimen170
\NC@list=\toks26
\extratabsurround=\skip57
\backup@length=\skip58
\ar@cellbox=\box57
) (c:/texlive/2023/texmf-dist/tex/latex/tools/longtable.sty
Package: longtable 2021-09-01 v4.17 Multi-page Table package (DPC)
\LTleft=\skip59
\LTright=\skip60
\LTpre=\skip61
\LTpost=\skip62
\LTchunksize=\count292
\LTcapwidth=\dimen171
\LT@head=\box58
\LT@firsthead=\box59
\LT@foot=\box60
\LT@lastfoot=\box61
\LT@gbox=\box62
\LT@cols=\count293
\LT@rows=\count294
\c@LT@tables=\count295
\c@LT@chunks=\count296
\LT@p@ftn=\toks27
) (c:/texlive/2023/texmf-dist/tex/latex/graphics/color.sty
Package: color 2022/01/06 v1.3d Standard LaTeX Color (DPC)
 (c:/texlive/2023/texmf-dist/tex/latex/graphics-cfg/color.cfg
File: color.cfg 2016/01/02 v1.6 sample color configuration
)
Package color Info: Driver file: xetex.def on input line 149.
 (c:/texlive/2023/texmf-dist/tex/latex/graphics/mathcolor.ltx)) (c:/texlive/2023/texmf-dist/tex/latex/listings/listings.sty
\lst@mode=\count297
\lst@gtempboxa=\box63
\lst@token=\toks28
\lst@length=\count298
\lst@currlwidth=\dimen172
\lst@column=\count299
\lst@pos=\count300
\lst@lostspace=\dimen173
\lst@width=\dimen174
\lst@newlines=\count301
\lst@lineno=\count302
\lst@maxwidth=\dimen175
 (c:/texlive/2023/texmf-dist/tex/latex/listings/lstmisc.sty
File: lstmisc.sty 2023/02/27 1.9 (Carsten Heinz)
\c@lstnumber=\count303
\lst@skipnumbers=\count304
\lst@framebox=\box64
) (c:/texlive/2023/texmf-dist/tex/latex/listings/listings.cfg
File: listings.cfg 2023/02/27 1.9 listings configuration
))
Package: listings 2023/02/27 1.9 (Carsten Heinz)
 (c:/texlive/2023/texmf-dist/tex/latex/pythonhighlight/pythonhighlight.sty
Package: pythonhighlight 2017/02/09 python code highlighting; provided by Olivier Verdier <olivier.verdier@gmail.com>
 (c:/texlive/2023/texmf-dist/tex/latex/xcolor/xcolor.sty
Package: xcolor 2022/06/12 v2.14 LaTeX color extensions (UK)
 (c:/texlive/2023/texmf-dist/tex/latex/graphics-cfg/color.cfg
File: color.cfg 2016/01/02 v1.6 sample color configuration
)
Package xcolor Info: Driver file: xetex.def on input line 227.
LaTeX Info: Redefining \color on input line 711.
 (c:/texlive/2023/texmf-dist/tex/latex/graphics/mathcolor.ltx)
Package xcolor Info: Model `cmy' substituted by `cmy0' on input line 1353.
Package xcolor Info: Model `RGB' extended on input line 1369.
Package xcolor Info: Model `HTML' substituted by `rgb' on input line 1371.
Package xcolor Info: Model `Hsb' substituted by `hsb' on input line 1372.
Package xcolor Info: Model `tHsb' substituted by `hsb' on input line 1373.
Package xcolor Info: Model `HSB' substituted by `hsb' on input line 1374.
Package xcolor Info: Model `Gray' substituted by `gray' on input line 1375.
Package xcolor Info: Model `wave' substituted by `hsb' on input line 1376.
)) (c:/texlive/2023/texmf-dist/tex/latex/placeins/placeins.sty
Package: placeins 2005/04/18  v 2.2
) (c:/texlive/2023/texmf-dist/tex/latex/pdfpages/pdfpages.sty
Package: pdfpages 2022/12/19 v0.5x Insert pages of external PDF documents (AM)
 (c:/texlive/2023/texmf-dist/tex/latex/eso-pic/eso-pic.sty
Package: eso-pic 2023/05/03 v3.0c eso-pic (RN)
\ESO@tempdima=\dimen176
\ESO@tempdimb=\dimen177
)
\AM@pagewidth=\dimen178
\AM@pageheight=\dimen179
\AM@fboxrule=\dimen180
 (c:/texlive/2023/texmf-dist/tex/latex/pdfpages/ppxetex.def
File: ppxetex.def 2022/12/19 v0.5x Pdfpages driver for XeTeX (AM)
)
\pdfpages@includegraphics@status=\count305
\AM@pagebox=\box65
\AM@global@opts=\toks29
\AM@pagecnt=\count306
\AM@toc@title=\toks30
\AM@lof@heading=\toks31
\c@AM@survey=\count307
\AM@templatesizebox=\box66
) (c:/texlive/2023/texmf-dist/tex/latex/xurl/xurl.sty
Package: xurl 2022/01/09 v 0.10 modify URL breaks
 (c:/texlive/2023/texmf-dist/tex/latex/url/url.sty
\Urlmuskip=\muskip17
Package: url 2013/09/16  ver 3.4  Verb mode for urls, etc.
)) (c:/texlive/2023/texmf-dist/tex/latex/csquotes/csquotes.sty
Package: csquotes 2022-09-14 v5.2n context-sensitive quotations (JAW)
\csq@reset=\count308
\csq@gtype=\count309
\csq@glevel=\count310
\csq@qlevel=\count311
\csq@maxlvl=\count312
\csq@tshold=\count313
\csq@ltx@everypar=\toks32
 (c:/texlive/2023/texmf-dist/tex/latex/csquotes/csquotes.def
File: csquotes.def 2022-09-14 v5.2n csquotes generic definitions (JAW)
)
Package csquotes Info: Trying to load configuration file 'csquotes.cfg'...
Package csquotes Info: ... configuration file loaded successfully.
 (c:/texlive/2023/texmf-dist/tex/latex/csquotes/csquotes.cfg
File: csquotes.cfg 
)) (c:/texlive/2023/texmf-dist/tex/latex/enumitem/enumitem.sty
Package: enumitem 2019/06/20 v3.9 Customized lists
\labelindent=\skip63
\enit@outerparindent=\dimen181
\enit@toks=\toks33
\enit@inbox=\box67
\enit@count@id=\count314
\enitdp@description=\count315
) (c:/texlive/2023/texmf-dist/tex/latex/geometry/geometry.sty
Package: geometry 2020/01/02 v5.9 Page Geometry
 (c:/texlive/2023/texmf-dist/tex/generic/iftex/ifvtex.sty
Package: ifvtex 2019/10/25 v1.7 ifvtex legacy package. Use iftex instead.
 (c:/texlive/2023/texmf-dist/tex/generic/iftex/iftex.sty
Package: iftex 2022/02/03 v1.0f TeX engine tests
))
\Gm@cnth=\count316
\Gm@cntv=\count317
\c@Gm@tempcnt=\count318
\Gm@bindingoffset=\dimen182
\Gm@wd@mp=\dimen183
\Gm@odd@mp=\dimen184
\Gm@even@mp=\dimen185
\Gm@layoutwidth=\dimen186
\Gm@layoutheight=\dimen187
\Gm@layouthoffset=\dimen188
\Gm@layoutvoffset=\dimen189
\Gm@dimlist=\toks34
) (c:/texlive/2023/texmf-dist/tex/latex/setspace/setspace.sty
Package: setspace 2022/12/04 v6.7b set line spacing
) (c:/texlive/2023/texmf-dist/tex/latex/tools/indentfirst.sty
Package: indentfirst 1995/11/23 v1.03 Indent first paragraph (DPC)
) (c:/texlive/2023/texmf-dist/tex/latex/ragged2e/ragged2e.sty
Package: ragged2e 2023/04/04 v3.5 ragged2e Package
\CenteringLeftskip=\skip64
\RaggedLeftLeftskip=\skip65
\RaggedRightLeftskip=\skip66
\CenteringRightskip=\skip67
\RaggedLeftRightskip=\skip68
\RaggedRightRightskip=\skip69
\CenteringParfillskip=\skip70
\RaggedLeftParfillskip=\skip71
\RaggedRightParfillskip=\skip72
\JustifyingParfillskip=\skip73
\CenteringParindent=\skip74
\RaggedLeftParindent=\skip75
\RaggedRightParindent=\skip76
\JustifyingParindent=\skip77
) (c:/texlive/2023/texmf-dist/tex/latex/titlesec/titlesec.sty
Package: titlesec 2021/07/05 v2.14 Sectioning titles
\ttl@box=\box68
\beforetitleunit=\skip78
\aftertitleunit=\skip79
\ttl@plus=\dimen190
\ttl@minus=\dimen191
\ttl@toksa=\toks35
\titlewidth=\dimen192
\titlewidthlast=\dimen193
\titlewidthfirst=\dimen194
) (c:/texlive/2023/texmf-dist/tex/latex/caption/caption.sty
Package: caption 2023/03/12 v3.6j Customizing captions (AR)
 (c:/texlive/2023/texmf-dist/tex/latex/caption/caption3.sty
Package: caption3 2023/03/12 v2.4 caption3 kernel (AR)
\caption@tempdima=\dimen195
\captionmargin=\dimen196
\caption@leftmargin=\dimen197
\caption@rightmargin=\dimen198
\caption@width=\dimen199
\caption@indent=\dimen256
\caption@parindent=\dimen257
\caption@hangindent=\dimen258
Package caption Info: Standard document class detected.
)
Package caption Info: Option `figurename' requires the `newfloat' package on input line 171.
 (c:/texlive/2023/texmf-dist/tex/latex/newfloat/newfloat.sty
Package: newfloat 2019/09/02 v1.1l Defining new floating environments (AR)
)
\c@caption@flags=\count319
\c@continuedfloat=\count320
Package caption Info: listings package is loaded.
Package caption Info: longtable package is loaded.
 (c:/texlive/2023/texmf-dist/tex/latex/caption/ltcaption.sty
Package: ltcaption 2021/01/08 v1.4c longtable captions (AR)
)) (c:/texlive/2023/texmf-dist/tex/latex/natbib/natbib.sty
Package: natbib 2010/09/13 8.31b (PWD, AO)
\bibhang=\skip80
\bibsep=\skip81
LaTeX Info: Redefining \cite on input line 694.
\c@NAT@ctr=\count321
) (c:/texlive/2023/texmf-dist/tex/latex/totalcount/totalcount.sty
Package: totalcount 2018/01/21 v1.0a Total values of counters (AR)
\c@totalcount@figure=\count322
\c@totalcount@table=\count323
) (c:/texlive/2023/texmf-dist/tex/generic/ulem/ulem.sty
\UL@box=\box69
\UL@hyphenbox=\box70
\UL@skip=\skip82
\UL@hook=\toks36
\UL@height=\dimen259
\UL@pe=\count324
\UL@pixel=\dimen260
\ULC@box=\box71
Package: ulem 2019/11/18
\ULdepth=\dimen261
) (c:/texlive/2023/texmf-dist/tex/latex/tools/hhline.sty
Package: hhline 2020/01/04 v2.04 Table rule package (DPC)
) (c:/texlive/2023/texmf-dist/tex/latex/graphics/rotating.sty
Package: rotating 2016/08/11 v2.16d rotated objects in LaTeX
\c@r@tfl@t=\count325
\rotFPtop=\skip83
\rotFPbot=\skip84
\rot@float@box=\box72
\rot@mess@toks=\toks37
) (c:/texlive/2023/texmf-dist/tex/latex/lastpage/lastpage.sty
Package: lastpage 2023/04/12 v2.0b lastpage: 2.09 or 2e? (HMM)
 (c:/texlive/2023/texmf-dist/tex/latex/lastpage/lastpage2e.sty
Package: lastpage2e 2023/04/12 v2.0b Decide which 2e lastpage version to use (HMM)
 (c:/texlive/2023/texmf-dist/tex/latex/lastpage/lastpagemodern.sty
Package: lastpagemodern 2023-04-12 v2.0b Refers to last page's name (HMM; JPG)
) 
)) (c:/texlive/2023/texmf-dist/tex/latex/hyperref/hyperref.sty
Package: hyperref 2023-05-16 v7.00y Hypertext links for LaTeX
 (c:/texlive/2023/texmf-dist/tex/generic/ltxcmds/ltxcmds.sty
Package: ltxcmds 2020-05-10 v1.25 LaTeX kernel commands for general use (HO)
) (c:/texlive/2023/texmf-dist/tex/generic/pdftexcmds/pdftexcmds.sty
Package: pdftexcmds 2020-06-27 v0.33 Utility functions of pdfTeX for LuaTeX (HO)
 (c:/texlive/2023/texmf-dist/tex/generic/infwarerr/infwarerr.sty
Package: infwarerr 2019/12/03 v1.5 Providing info/warning/error messages (HO)
)
Package pdftexcmds Info: \pdf@primitive is available.
Package pdftexcmds Info: \pdf@ifprimitive is available.
Package pdftexcmds Info: \pdfdraftmode not found.
) (c:/texlive/2023/texmf-dist/tex/latex/kvsetkeys/kvsetkeys.sty
Package: kvsetkeys 2022-10-05 v1.19 Key value parser (HO)
) (c:/texlive/2023/texmf-dist/tex/generic/kvdefinekeys/kvdefinekeys.sty
Package: kvdefinekeys 2019-12-19 v1.6 Define keys (HO)
) (c:/texlive/2023/texmf-dist/tex/generic/pdfescape/pdfescape.sty
Package: pdfescape 2019/12/09 v1.15 Implements pdfTeX's escape features (HO)
) (c:/texlive/2023/texmf-dist/tex/latex/hycolor/hycolor.sty
Package: hycolor 2020-01-27 v1.10 Color options for hyperref/bookmark (HO)
) (c:/texlive/2023/texmf-dist/tex/latex/letltxmacro/letltxmacro.sty
Package: letltxmacro 2019/12/03 v1.6 Let assignment for LaTeX macros (HO)
) (c:/texlive/2023/texmf-dist/tex/latex/auxhook/auxhook.sty
Package: auxhook 2019-12-17 v1.6 Hooks for auxiliary files (HO)
) (c:/texlive/2023/texmf-dist/tex/latex/hyperref/nameref.sty
Package: nameref 2023-05-16 v2.51 Cross-referencing by name of section
 (c:/texlive/2023/texmf-dist/tex/latex/refcount/refcount.sty
Package: refcount 2019/12/15 v3.6 Data extraction from label references (HO)
) (c:/texlive/2023/texmf-dist/tex/generic/gettitlestring/gettitlestring.sty
Package: gettitlestring 2019/12/15 v1.6 Cleanup title references (HO)
 (c:/texlive/2023/texmf-dist/tex/latex/kvoptions/kvoptions.sty
Package: kvoptions 2022-06-15 v3.15 Key value format for package options (HO)
))
\c@section@level=\count326
)
\@linkdim=\dimen262
\Hy@linkcounter=\count327
\Hy@pagecounter=\count328
 (c:/texlive/2023/texmf-dist/tex/latex/hyperref/pd1enc.def
File: pd1enc.def 2023-05-16 v7.00y Hyperref: PDFDocEncoding definition (HO)
Now handling font encoding PD1 ...
... no UTF-8 mapping file for font encoding PD1
\symPD1letters=\mathgroup9
) (c:/texlive/2023/texmf-dist/tex/generic/intcalc/intcalc.sty
Package: intcalc 2019/12/15 v1.3 Expandable calculations with integers (HO)
)
\Hy@SavedSpaceFactor=\count329
 (c:/texlive/2023/texmf-dist/tex/latex/hyperref/puenc.def
File: puenc.def 2023-05-16 v7.00y Hyperref: PDF Unicode definition (HO)
Now handling font encoding PU ...
... no UTF-8 mapping file for font encoding PU
\symPUletters=\mathgroup10
)
Package hyperref Info: Option `unicode' set `true' on input line 3153.
Package hyperref Info: Option `unicode' set `true' on input line 4050.
Package hyperref Info: Option `breaklinks' set `true' on input line 4050.
Package hyperref Info: Hyper figures OFF on input line 4167.
Package hyperref Info: Link nesting OFF on input line 4172.
Package hyperref Info: Hyper index ON on input line 4175.
Package hyperref Info: Plain pages OFF on input line 4182.
Package hyperref Info: Backreferencing OFF on input line 4187.
Package hyperref Info: Implicit mode ON; LaTeX internals redefined.
Package hyperref Info: Bookmarks ON on input line 4434.
\c@Hy@tempcnt=\count330
LaTeX Info: Redefining \url on input line 4772.
\XeTeXLinkMargin=\dimen263
 (c:/texlive/2023/texmf-dist/tex/generic/bitset/bitset.sty
Package: bitset 2019/12/09 v1.3 Handle bit-vector datatype (HO)
 (c:/texlive/2023/texmf-dist/tex/generic/bigintcalc/bigintcalc.sty
Package: bigintcalc 2019/12/15 v1.5 Expandable calculations on big integers (HO)
))
\Fld@menulength=\count331
\Field@Width=\dimen264
\Fld@charsize=\dimen265
Package hyperref Info: Hyper figures OFF on input line 6051.
Package hyperref Info: Link nesting OFF on input line 6056.
Package hyperref Info: Hyper index ON on input line 6059.
Package hyperref Info: backreferencing OFF on input line 6066.
Package hyperref Info: Link coloring OFF on input line 6071.
Package hyperref Info: Link coloring with OCG OFF on input line 6076.
Package hyperref Info: PDF/A mode OFF on input line 6081.
 (c:/texlive/2023/texmf-dist/tex/latex/base/atbegshi-ltx.sty
Package: atbegshi-ltx 2021/01/10 v1.0c Emulation of the original atbegshi
package with kernel methods
)
\Hy@abspage=\count332
\c@Item=\count333
\c@Hfootnote=\count334
)
Package hyperref Info: Driver (autodetected): hxetex.
 (c:/texlive/2023/texmf-dist/tex/latex/hyperref/hxetex.def
File: hxetex.def 2023-05-16 v7.00y Hyperref driver for XeTeX
 (c:/texlive/2023/texmf-dist/tex/generic/stringenc/stringenc.sty
Package: stringenc 2019/11/29 v1.12 Convert strings between diff. encodings (HO)
)
\pdfm@box=\box73
\c@Hy@AnnotLevel=\count335
\HyField@AnnotCount=\count336
\Fld@listcount=\count337
\c@bookmark@seq@number=\count338
 (c:/texlive/2023/texmf-dist/tex/latex/rerunfilecheck/rerunfilecheck.sty
Package: rerunfilecheck 2022-07-10 v1.10 Rerun checks for auxiliary files (HO)
 (c:/texlive/2023/texmf-dist/tex/latex/base/atveryend-ltx.sty
Package: atveryend-ltx 2020/08/19 v1.0a Emulation of the original atveryend package
with kernel methods
) (c:/texlive/2023/texmf-dist/tex/generic/uniquecounter/uniquecounter.sty
Package: uniquecounter 2019/12/15 v1.4 Provide unlimited unique counter (HO)
)
Package uniquecounter Info: New unique counter `rerunfilecheck' on input line 285.
)
\Hy@SectionHShift=\skip85
) (c:/texlive/2023/texmf-dist/tex/latex/tocloft/tocloft.sty
Package: tocloft 2017/08/31 v2.3i parameterised ToC, etc., typesetting
Package tocloft Info: The document has section divisions on input line 51.
\cftparskip=\skip86
\cftbeforetoctitleskip=\skip87
\cftaftertoctitleskip=\skip88
\cftbeforepartskip=\skip89
\cftpartnumwidth=\skip90
\cftpartindent=\skip91
\cftbeforesecskip=\skip92
\cftsecindent=\skip93
\cftsecnumwidth=\skip94
\cftbeforesubsecskip=\skip95
\cftsubsecindent=\skip96
\cftsubsecnumwidth=\skip97
\cftbeforesubsubsecskip=\skip98
\cftsubsubsecindent=\skip99
\cftsubsubsecnumwidth=\skip100
\cftbeforeparaskip=\skip101
\cftparaindent=\skip102
\cftparanumwidth=\skip103
\cftbeforesubparaskip=\skip104
\cftsubparaindent=\skip105
\cftsubparanumwidth=\skip106
\cftbeforeloftitleskip=\skip107
\cftafterloftitleskip=\skip108
\cftbeforefigskip=\skip109
\cftfigindent=\skip110
\cftfignumwidth=\skip111
\c@lofdepth=\count339
\c@lotdepth=\count340
\cftbeforelottitleskip=\skip112
\cftafterlottitleskip=\skip113
\cftbeforetabskip=\skip114
\cfttabindent=\skip115
\cfttabnumwidth=\skip116
))
Package csquotes Info: Checking for multilingual support...
Package csquotes Info: ... found 'babel' package.
Package csquotes Info: Adjusting default style.
Package csquotes Info: Redefining alias 'default' -> 'russian'.
 (build/report.aux (build/01-abstract.aux) (build/02-naming.aux) (build/03-intro.aux) (build/10-analysis.aux) (build/20-design.aux) (build/30-technology.aux) (build/40-research.aux) (build/50-conclusion.aux) (build/60-bibliography.aux) (build/70-application.aux) (build/71-application.aux) (build/72-application.aux))
\openout1 = `report.aux'.

LaTeX Font Info:    Checking defaults for OML/cmm/m/it on input line 6.
LaTeX Font Info:    ... okay on input line 6.
LaTeX Font Info:    Checking defaults for OMS/cmsy/m/n on input line 6.
LaTeX Font Info:    ... okay on input line 6.
LaTeX Font Info:    Checking defaults for OT1/cmr/m/n on input line 6.
LaTeX Font Info:    ... okay on input line 6.
LaTeX Font Info:    Checking defaults for T1/cmr/m/n on input line 6.
LaTeX Font Info:    ... okay on input line 6.
LaTeX Font Info:    Checking defaults for TS1/cmr/m/n on input line 6.
LaTeX Font Info:    Trying to load font information for TS1+cmr on input line 6.
 (c:/texlive/2023/texmf-dist/tex/latex/base/ts1cmr.fd
File: ts1cmr.fd 2022/07/10 v2.5l Standard LaTeX font definitions
)
LaTeX Font Info:    ... okay on input line 6.
LaTeX Font Info:    Checking defaults for TU/lmr/m/n on input line 6.
LaTeX Font Info:    ... okay on input line 6.
LaTeX Font Info:    Checking defaults for OMX/cmex/m/n on input line 6.
LaTeX Font Info:    ... okay on input line 6.
LaTeX Font Info:    Checking defaults for U/cmr/m/n on input line 6.
LaTeX Font Info:    ... okay on input line 6.
LaTeX Font Info:    Checking defaults for PD1/pdf/m/n on input line 6.
LaTeX Font Info:    ... okay on input line 6.
LaTeX Font Info:    Checking defaults for PU/pdf/m/n on input line 6.
LaTeX Font Info:    ... okay on input line 6.
LaTeX Info: Redefining \th on input line 6.

Package fontspec Info: Adjusting the maths setup (use [no-math] to avoid
(fontspec)             this).

\symlegacymaths=\mathgroup11
LaTeX Font Info:    Overwriting symbol font `legacymaths' in version `bold'
(Font)                  OT1/cmr/m/n --> OT1/cmr/bx/n on input line 6.
LaTeX Font Info:    Redeclaring math accent \acute on input line 6.
LaTeX Font Info:    Redeclaring math accent \grave on input line 6.
LaTeX Font Info:    Redeclaring math accent \ddot on input line 6.
LaTeX Font Info:    Redeclaring math accent \tilde on input line 6.
LaTeX Font Info:    Redeclaring math accent \bar on input line 6.
LaTeX Font Info:    Redeclaring math accent \breve on input line 6.
LaTeX Font Info:    Redeclaring math accent \check on input line 6.
LaTeX Font Info:    Redeclaring math accent \hat on input line 6.
LaTeX Font Info:    Redeclaring math accent \dot on input line 6.
LaTeX Font Info:    Redeclaring math accent \mathring on input line 6.
LaTeX Font Info:    Redeclaring math symbol \Gamma on input line 6.
LaTeX Font Info:    Redeclaring math symbol \Delta on input line 6.
LaTeX Font Info:    Redeclaring math symbol \Theta on input line 6.
LaTeX Font Info:    Redeclaring math symbol \Lambda on input line 6.
LaTeX Font Info:    Redeclaring math symbol \Xi on input line 6.
LaTeX Font Info:    Redeclaring math symbol \Pi on input line 6.
LaTeX Font Info:    Redeclaring math symbol \Sigma on input line 6.
LaTeX Font Info:    Redeclaring math symbol \Upsilon on input line 6.
LaTeX Font Info:    Redeclaring math symbol \Phi on input line 6.
LaTeX Font Info:    Redeclaring math symbol \Psi on input line 6.
LaTeX Font Info:    Redeclaring math symbol \Omega on input line 6.
LaTeX Font Info:    Redeclaring math symbol \mathdollar on input line 6.
LaTeX Font Info:    Redeclaring symbol font `operators' on input line 6.
LaTeX Font Info:    Encoding `OT1' has changed to `TU' for symbol font
(Font)              `operators' in the math version `normal' on input line 6.
LaTeX Font Info:    Overwriting symbol font `operators' in version `normal'
(Font)                  OT1/cmr/m/n --> TU/TimesNewRoman(0)/m/n on input line 6.
LaTeX Font Info:    Encoding `OT1' has changed to `TU' for symbol font
(Font)              `operators' in the math version `bold' on input line 6.
LaTeX Font Info:    Overwriting symbol font `operators' in version `bold'
(Font)                  OT1/cmr/bx/n --> TU/TimesNewRoman(0)/m/n on input line 6.
LaTeX Font Info:    Overwriting symbol font `operators' in version `normal'
(Font)                  TU/TimesNewRoman(0)/m/n --> TU/TimesNewRoman(0)/m/n on input line 6.
LaTeX Font Info:    Overwriting math alphabet `\mathit' in version `normal'
(Font)                  OT1/cmr/m/it --> TU/TimesNewRoman(0)/m/it on input line 6.
LaTeX Font Info:    Overwriting math alphabet `\mathbf' in version `normal'
(Font)                  OT1/cmr/bx/n --> TU/TimesNewRoman(0)/b/n on input line 6.
LaTeX Font Info:    Overwriting math alphabet `\mathsf' in version `normal'
(Font)                  OT1/cmss/m/n --> TU/lmss/m/n on input line 6.
LaTeX Font Info:    Overwriting math alphabet `\mathtt' in version `normal'
(Font)                  OT1/cmtt/m/n --> TU/lmtt/m/n on input line 6.
LaTeX Font Info:    Overwriting symbol font `operators' in version `bold'
(Font)                  TU/TimesNewRoman(0)/m/n --> TU/TimesNewRoman(0)/b/n on input line 6.
LaTeX Font Info:    Overwriting math alphabet `\mathit' in version `bold'
(Font)                  OT1/cmr/bx/it --> TU/TimesNewRoman(0)/b/it on input line 6.
LaTeX Font Info:    Overwriting math alphabet `\mathsf' in version `bold'
(Font)                  OT1/cmss/bx/n --> TU/lmss/b/n on input line 6.
LaTeX Font Info:    Overwriting math alphabet `\mathtt' in version `bold'
(Font)                  OT1/cmtt/m/n --> TU/lmtt/b/n on input line 6.
\c@lstlisting=\count341
 (c:/texlive/2023/texmf-dist/tex/latex/pdflscape/pdflscape.sty
Package: pdflscape 2022-10-27 v0.13 Display of landscape pages in PDF
 (c:/texlive/2023/texmf-dist/tex/latex/pdflscape/pdflscape-nometadata.sty
Package: pdflscape-nometadata 2022-10-28 v0.13 Display of landscape pages in PDF (HO)
 (c:/texlive/2023/texmf-dist/tex/latex/graphics/lscape.sty
Package: lscape 2020/05/28 v3.02 Landscape Pages (DPC)
)
Package pdflscape Info: Auto-detected driver: dvipdfm (xetex) on input line 98.
))
*geometry* driver: auto-detecting
*geometry* detected driver: xetex
*geometry* verbose mode - [ preamble ] result:
* driver: xetex
* paper: a4paper
* layout: <same size as paper>
* layoutoffset:(h,v)=(0.0pt,0.0pt)
* modes: 
* h-part:(L,W,R)=(82.51299pt, 486.54214pt, 28.45274pt)
* v-part:(T,H,B)=(56.9055pt, 731.23584pt, 56.9055pt)
* \paperwidth=597.50787pt
* \paperheight=845.04684pt
* \textwidth=486.54214pt
* \textheight=731.23584pt
* \oddsidemargin=10.243pt
* \evensidemargin=10.243pt
* \topmargin=-54.36449pt
* \headheight=14.0pt
* \headsep=25.0pt
* \topskip=14.0pt
* \footskip=30.0pt
* \marginparwidth=15.0pt
* \marginparsep=10.0pt
* \columnsep=10.0pt
* \skip\footins=12.0pt plus 4.0pt minus 2.0pt
* \hoffset=0.0pt
* \voffset=0.0pt
* \mag=1000
* \@twocolumnfalse
* \@twosidefalse
* \@mparswitchfalse
* \@reversemarginfalse
* (1in=72.27pt=25.4mm, 1cm=28.453pt)

Package caption Info: Begin \AtBeginDocument code.
Package caption Info: hyperref package is loaded.
Package caption Info: rotating package is loaded.
Package caption Info: End \AtBeginDocument code.
Package newfloat Info: `rotating' package detected.
Package hyperref Info: Link coloring OFF on input line 6.
(build/report.out) (build/report.out)
\@outlinefile=\write4
\openout4 = `report.out'.

File: inc/pdf/RPZ_TITUL.pdf Graphic file (type pdf)
<use inc/pdf/RPZ_TITUL.pdf>
File: inc/pdf/RPZ_TITUL.pdf Graphic file (type pdf)
<use inc/pdf/RPZ_TITUL.pdf>
File: inc/pdf/RPZ_TITUL.pdf Graphic file (type pdf)
<use inc/pdf/RPZ_TITUL.pdf, page 1>
File: inc/pdf/RPZ_TITUL.pdf Graphic file (type pdf)
<use inc/pdf/RPZ_TITUL.pdf, page 1>
File: inc/pdf/RPZ_TITUL.pdf Graphic file (type pdf)
<use inc/pdf/RPZ_TITUL.pdf, page 1>
File: inc/pdf/RPZ_TITUL.pdf Graphic file (type pdf)
<use inc/pdf/RPZ_TITUL.pdf, page 1>
File: inc/pdf/RPZ_TITUL.pdf Graphic file (type pdf)
<use inc/pdf/RPZ_TITUL.pdf, page 1>
 [1

]
\openout2 = `01-abstract.aux'.

 (./01-abstract.tex) [5

] (build/report.toc
LaTeX Font Info:    Trying to load font information for OML+lmr on input line 2.
 (c:/texlive/2023/texmf-dist/tex/latex/lm/omllmr.fd
File: omllmr.fd 2015/05/01 v1.6.1 Font defs for Latin Modern
)

LaTeX Font Warning: Font shape `OML/lmr/m/up' undefined
(Font)              using `OML/lmr/m/it' instead on input line 2.

LaTeX Font Info:    Trying to load font information for OML+lmm on input line 2.
(c:/texlive/2023/texmf-dist/tex/latex/lm/omllmm.fd
File: omllmm.fd 2015/05/01 v1.6.1 Font defs for Latin Modern
)
LaTeX Font Info:    Font shape `OML/lmr/m/it' in size <14.4> not available
(Font)              Font shape `OML/lmm/m/it' tried instead on input line 2.
LaTeX Font Info:    Font shape `OML/lmr/m/up' in size <10> not available
(Font)              Font shape `OML/lmm/m/it' tried instead on input line 2.
LaTeX Font Info:    Font shape `OML/lmr/m/up' in size <7> not available
(Font)              Font shape `OML/lmm/m/it' tried instead on input line 2.
LaTeX Font Info:    Trying to load font information for OMS+lmr on input line 2.
 (c:/texlive/2023/texmf-dist/tex/latex/lm/omslmr.fd
File: omslmr.fd 2015/05/01 v1.6.1 Font defs for Latin Modern
)

LaTeX Font Warning: Font shape `OMS/lmr/m/up' undefined
(Font)              using `OMS/lmr/m/n' instead on input line 2.

LaTeX Font Info:    Trying to load font information for OMS+lmsy on input line 2.
(c:/texlive/2023/texmf-dist/tex/latex/lm/omslmsy.fd
File: omslmsy.fd 2015/05/01 v1.6.1 Font defs for Latin Modern
)
LaTeX Font Info:    Font shape `OMS/lmr/m/n' in size <14.4> not available
(Font)              Font shape `OMS/lmsy/m/n' tried instead on input line 2.
LaTeX Font Info:    Font shape `OMS/lmr/m/up' in size <10> not available
(Font)              Font shape `OMS/lmsy/m/n' tried instead on input line 2.
LaTeX Font Info:    Font shape `OMS/lmr/m/up' in size <7> not available
(Font)              Font shape `OMS/lmsy/m/n' tried instead on input line 2.
LaTeX Font Info:    Trying to load font information for U+msa on input line 2.
 (c:/texlive/2023/texmf-dist/tex/latex/amsfonts/umsa.fd
File: umsa.fd 2013/01/14 v3.01 AMS symbols A
)
LaTeX Font Info:    Trying to load font information for U+msb on input line 2.
 (c:/texlive/2023/texmf-dist/tex/latex/amsfonts/umsb.fd
File: umsb.fd 2013/01/14 v3.01 AMS symbols B
)
LaTeX Font Info:    Trying to load font information for U+lasy on input line 2.
 (c:/texlive/2023/texmf-dist/tex/latex/base/ulasy.fd
File: ulasy.fd 1998/08/17 v2.2e LaTeX symbol font definitions
)
LaTeX Font Info:    Trying to load font information for PD1+TimesNewRoman(0) on input line 2.
LaTeX Font Info:    No file PD1TimesNewRoman(0).fd. on input line 2.


LaTeX Font Warning: Font shape `PD1/TimesNewRoman(0)/m/up' undefined
(Font)              using `PD1/pdf/m/n' instead on input line 2.

LaTeX Font Info:    Trying to load font information for PU+TimesNewRoman(0) on input line 2.
LaTeX Font Info:    No file PUTimesNewRoman(0).fd. on input line 2.

LaTeX Font Warning: Font shape `PU/TimesNewRoman(0)/m/up' undefined
(Font)              using `PU/pdf/m/n' instead on input line 2.

[6


])
\tf@toc=\write5
\openout5 = `report.toc'.

 [7]
\openout2 = `02-naming.aux'.

 (./02-naming.tex) [8

]
\openout2 = `03-intro.aux'.

 (./03-intro.tex [9



]) [10]
\openout2 = `10-analysis.aux'.

 (./10-analysis.tex [11



] [12]
Overfull \hbox (1.16351pt too wide) in paragraph at lines 27--28
[]\TU/TimesNewRoman(0)/m/n/14.4 Скоринг на выявление мошенничества применяется для выявления заявок,
 []

File: inc/pdf/Общая схема бизнес-процесса принятия кредитного решения.pdf Graphic file (type pdf)
<use inc/pdf/Общая схема бизнес-процесса принятия кредитного решения.pdf>
[13] [14] [15] [16] [17] [18] [19] [20] [21] [22]
File: inc/pdf/Принцип работы линейного SVM с жёстким и мягким зазором.pdf Graphic file (type pdf)
<use inc/pdf/Принцип работы линейного SVM с жёстким и мягким зазором.pdf>
 [23]
Overfull \hbox (2.97884pt too wide) in paragraph at lines 399--400
[]\TU/TimesNewRoman(0)/m/n/14.4 Скоринг формулируется как задача бинарной классификации: положитель-
 []

[24]
Overfull \hbox (3.30688pt too wide) in paragraph at lines 422--423
[]\TU/TimesNewRoman(0)/m/n/14.4 В качестве основных параметров классификации алгоритмов были исполь-
 []


Underfull \hbox (badness 1102) in paragraph at lines 444--445
[]|\TU/TimesNewRoman(0)/m/n/14.4 Поддержка параллельных вычислений и распределенной обработки
 []

[25] [26]
Underfull \hbox (badness 10000) in paragraph at lines 460--460
[]|\TU/TimesNewRoman(0)/b/n/10 Градиентный
 []


Underfull \hbox (badness 10000) in paragraph at lines 460--460
\TU/TimesNewRoman(0)/b/n/10 бустинг деревьев
 []


Underfull \hbox (badness 10000) in paragraph at lines 460--460
[]|\TU/TimesNewRoman(0)/b/n/10 Логистическая
 []


Underfull \hbox (badness 10000) in paragraph at lines 460--460
[]|\TU/TimesNewRoman(0)/b/n/10 Линейный
 []


Underfull \hbox (badness 10000) in paragraph at lines 460--460
[]|\TU/TimesNewRoman(0)/b/n/10 Метод опорных
 []


Overfull \hbox (2.64912pt too wide) in alignment at lines 457--461
 [] [] [] [] [] 
 []


Underfull \hbox (badness 10000) in paragraph at lines 465--465
[]|\TU/TimesNewRoman(0)/b/n/10 Градиентный
 []


Underfull \hbox (badness 10000) in paragraph at lines 465--465
\TU/TimesNewRoman(0)/b/n/10 бустинг деревьев
 []


Underfull \hbox (badness 10000) in paragraph at lines 465--465
[]|\TU/TimesNewRoman(0)/b/n/10 Логистическая
 []


Underfull \hbox (badness 10000) in paragraph at lines 465--465
[]|\TU/TimesNewRoman(0)/b/n/10 Линейный
 []


Underfull \hbox (badness 10000) in paragraph at lines 465--465
[]|\TU/TimesNewRoman(0)/b/n/10 Метод опорных
 []


Overfull \hbox (2.64912pt too wide) in alignment at lines 461--466
 [] [] [] [] [] 
 []


Overfull \hbox (2.64912pt too wide) in alignment at lines 466--468
 [] [] [] [] [] 
 []


Overfull \hbox (2.64912pt too wide) in alignment at lines 468--471
 [] [] [] [] [] 
 []


Underfull \hbox (badness 10000) in paragraph at lines 473--473
[]|\TU/TimesNewRoman(0)/b/n/10 Способность
 []


Underfull \hbox (badness 10000) in paragraph at lines 473--473
\TU/TimesNewRoman(0)/b/n/10 модели точно
 []


Underfull \hbox (badness 10000) in paragraph at lines 473--473
\TU/TimesNewRoman(0)/b/n/10 прогнозировать
 []


Underfull \hbox (badness 10000) in paragraph at lines 473--473
\TU/TimesNewRoman(0)/b/n/10 целевую
 []


Underfull \hbox (badness 10000) in paragraph at lines 473--473
[]|\TU/TimesNewRoman(0)/m/n/10 Высокая точность
 []


Underfull \hbox (badness 10000) in paragraph at lines 473--473
\TU/TimesNewRoman(0)/m/n/10 за счет сложных
 []


Underfull \hbox (badness 10000) in paragraph at lines 473--473
\TU/TimesNewRoman(0)/m/n/10 нелинейных
 []


Underfull \hbox (badness 10000) in paragraph at lines 473--473
[]|\TU/TimesNewRoman(0)/m/n/10 Умеренная
 []


Underfull \hbox (badness 10000) in paragraph at lines 473--473
\TU/TimesNewRoman(0)/m/n/10 точность при
 []


Underfull \hbox (badness 10000) in paragraph at lines 473--473
\TU/TimesNewRoman(0)/m/n/10 линейных
 []


Underfull \hbox (badness 10000) in paragraph at lines 473--473
[]|\TU/TimesNewRoman(0)/m/n/10 Точность зависит
 []


Underfull \hbox (badness 10000) in paragraph at lines 473--473
\TU/TimesNewRoman(0)/m/n/10 от выполнения
 []


Underfull \hbox (badness 10000) in paragraph at lines 473--473
\TU/TimesNewRoman(0)/m/n/10 предположений о
 []


Underfull \hbox (badness 10000) in paragraph at lines 473--473
[]|\TU/TimesNewRoman(0)/m/n/10 Высокая, при
 []


Underfull \hbox (badness 10000) in paragraph at lines 476--476
[]|\TU/TimesNewRoman(0)/b/n/10 Обработка
 []


Underfull \hbox (badness 10000) in paragraph at lines 476--476
[]|\TU/TimesNewRoman(0)/m/n/10 Высокая (с
 []


Underfull \hbox (badness 10000) in paragraph at lines 476--476
[]|\TU/TimesNewRoman(0)/m/n/10 Низкая; плохо
 []


Underfull \hbox (badness 1603) in paragraph at lines 476--476
\TU/TimesNewRoman(0)/m/n/10 масштабируется на
 []


Underfull \hbox (badness 10000) in paragraph at lines 477--477
[]|\TU/TimesNewRoman(0)/b/n/10 Предположения о
 []


Underfull \hbox (badness 10000) in paragraph at lines 477--477
[]|\TU/TimesNewRoman(0)/m/n/10 Линейность,
 []


Underfull \hbox (badness 10000) in paragraph at lines 477--477
\TU/TimesNewRoman(0)/m/n/10 независимость
 []


Underfull \hbox (badness 10000) in paragraph at lines 477--477
[]|\TU/TimesNewRoman(0)/m/n/10 Нормальность,
 []


Underfull \hbox (badness 10000) in paragraph at lines 477--477
\TU/TimesNewRoman(0)/m/n/10 равенство
 []


Underfull \hbox (badness 10000) in paragraph at lines 477--477
[]|\TU/TimesNewRoman(0)/m/n/10 Минимальные,
 []


Underfull \hbox (badness 10000) in paragraph at lines 477--477
\TU/TimesNewRoman(0)/m/n/10 но требуется
 []


Underfull \hbox (badness 10000) in paragraph at lines 477--477
\TU/TimesNewRoman(0)/m/n/10 стандартизация
 []


Underfull \hbox (badness 10000) in paragraph at lines 478--478
[]|\TU/TimesNewRoman(0)/b/n/10 Устойчивость к
 []


Underfull \hbox (badness 10000) in paragraph at lines 478--478
\TU/TimesNewRoman(0)/b/n/10 переобучению и
 []


Underfull \hbox (badness 6493) in paragraph at lines 478--478
[]|\TU/TimesNewRoman(0)/m/n/10 Требует настройки
 []


Underfull \hbox (badness 10000) in paragraph at lines 478--478
\TU/TimesNewRoman(0)/m/n/10 гиперпараметров
 []


Underfull \hbox (badness 10000) in paragraph at lines 478--478
\TU/TimesNewRoman(0)/m/n/10 для
 []


Underfull \hbox (badness 10000) in paragraph at lines 478--478
\TU/TimesNewRoman(0)/m/n/10 предотвращения
 []


Underfull \hbox (badness 10000) in paragraph at lines 478--478
[]|\TU/TimesNewRoman(0)/m/n/10 Устойчива при
 []


Underfull \hbox (badness 10000) in paragraph at lines 478--478
\TU/TimesNewRoman(0)/m/n/10 использовании
 []


Underfull \hbox (badness 10000) in paragraph at lines 478--478
[]|\TU/TimesNewRoman(0)/m/n/10 Чувствительна
 []


Underfull \hbox (badness 10000) in paragraph at lines 478--478
\TU/TimesNewRoman(0)/m/n/10 к выбросам
 []


Underfull \hbox (badness 10000) in paragraph at lines 478--478
\TU/TimesNewRoman(0)/m/n/10 и нарушениям
 []

LaTeX Font Info:    Font shape `OML/lmr/m/up' in size <5> not available
(Font)              Font shape `OML/lmm/m/it' tried instead on input line 478.
LaTeX Font Info:    Font shape `OMS/lmr/m/up' in size <5> not available
(Font)              Font shape `OMS/lmsy/m/n' tried instead on input line 478.

Underfull \hbox (badness 10000) in paragraph at lines 478--478
[]|\TU/TimesNewRoman(0)/m/n/10 Чувствителен
 []


Underfull \hbox (badness 10000) in paragraph at lines 478--478
\TU/TimesNewRoman(0)/m/n/10 к шумам, но
 []


Underfull \hbox (badness 10000) in paragraph at lines 478--478
\TU/TimesNewRoman(0)/m/n/10 настраиваемый
 []


Underfull \hbox (badness 10000) in paragraph at lines 478--478
\TU/TimesNewRoman(0)/m/n/10 параметр $\OML/cmm/m/it/10 C$
 []


Underfull \hbox (badness 10000) in paragraph at lines 478--478
\TU/TimesNewRoman(0)/m/n/10 помогает снизить
 []


Underfull \hbox (badness 10000) in paragraph at lines 479--479
[]|\TU/TimesNewRoman(0)/m/n/10 Ансамблевый
 []


Underfull \hbox (badness 10000) in paragraph at lines 480--480
[]|\TU/TimesNewRoman(0)/b/n/10 Способность
 []


Underfull \hbox (badness 10000) in paragraph at lines 480--480
\TU/TimesNewRoman(0)/b/n/10 моделировать
 []


Underfull \hbox (badness 10000) in paragraph at lines 480--480
\TU/TimesNewRoman(0)/b/n/10 сложные
 []


Underfull \hbox (badness 10000) in paragraph at lines 480--480
[]|\TU/TimesNewRoman(0)/m/n/10 Ограничена
 []


Underfull \hbox (badness 10000) in paragraph at lines 480--480
\TU/TimesNewRoman(0)/m/n/10 (только линейные
 []


Underfull \hbox (badness 10000) in paragraph at lines 480--480
[]|\TU/TimesNewRoman(0)/m/n/10 Ограничена
 []


Underfull \hbox (badness 10000) in paragraph at lines 480--480
\TU/TimesNewRoman(0)/m/n/10 линейностью
 []


Underfull \hbox (badness 10000) in paragraph at lines 480--480
[]|\TU/TimesNewRoman(0)/m/n/10 Высокая, при
 []


Underfull \hbox (badness 10000) in paragraph at lines 480--480
\TU/TimesNewRoman(0)/m/n/10 использовании
 []


Underfull \hbox (badness 10000) in paragraph at lines 481--481
[]|\TU/TimesNewRoman(0)/b/n/10 Требования к
 []


Underfull \hbox (badness 10000) in paragraph at lines 481--481
\TU/TimesNewRoman(0)/b/n/10 предварительной
 []


Underfull \hbox (badness 10000) in paragraph at lines 481--481
\TU/TimesNewRoman(0)/m/n/10 масштабирования
 []


Underfull \hbox (badness 10000) in paragraph at lines 481--481
[]|\TU/TimesNewRoman(0)/m/n/10 Высокие; требует
 []


Underfull \hbox (badness 10000) in paragraph at lines 481--481
\TU/TimesNewRoman(0)/m/n/10 масштабирования
 []


Underfull \hbox (badness 10000) in paragraph at lines 481--481
\TU/TimesNewRoman(0)/m/n/10 и обработки
 []


Underfull \hbox (badness 10000) in paragraph at lines 481--481
[]|\TU/TimesNewRoman(0)/m/n/10 Высокие; требует
 []


Underfull \hbox (badness 10000) in paragraph at lines 481--481
\TU/TimesNewRoman(0)/m/n/10 нормальности
 []


Underfull \hbox (badness 10000) in paragraph at lines 481--481
\TU/TimesNewRoman(0)/m/n/10 распределения
 []


Underfull \hbox (badness 10000) in paragraph at lines 481--481
\TU/TimesNewRoman(0)/m/n/10 и равенства
 []


Underfull \hbox (badness 10000) in paragraph at lines 481--481
\TU/TimesNewRoman(0)/m/n/10 ковариационных
 []


Underfull \hbox (badness 10000) in paragraph at lines 481--481
[]|\TU/TimesNewRoman(0)/m/n/10 Высокие; требует
 []


Underfull \hbox (badness 10000) in paragraph at lines 482--482
[]|\TU/TimesNewRoman(0)/b/n/10 Устойчивость к
 []


Underfull \hbox (badness 10000) in paragraph at lines 482--482
[]|\TU/TimesNewRoman(0)/m/n/10 Относительно
 []


Underfull \hbox (badness 10000) in paragraph at lines 482--482
[]|\TU/TimesNewRoman(0)/m/n/10 Чувствительна к
 []


Underfull \hbox (badness 10000) in paragraph at lines 482--482
[]|\TU/TimesNewRoman(0)/m/n/10 Очень
 []


Underfull \hbox (badness 10000) in paragraph at lines 482--482
\TU/TimesNewRoman(0)/m/n/10 чувствительна к
 []


Underfull \hbox (badness 10000) in paragraph at lines 482--482
[]|\TU/TimesNewRoman(0)/m/n/10 Чувствителен к
 []


Underfull \hbox (badness 10000) in paragraph at lines 483--483
[]|\TU/TimesNewRoman(0)/m/n/10 Длительное
 []


Underfull \hbox (badness 10000) in paragraph at lines 483--483
\TU/TimesNewRoman(0)/m/n/10 обучение; быстрое
 []


Underfull \hbox (badness 10000) in paragraph at lines 483--483
[]|\TU/TimesNewRoman(0)/m/n/10 Обучение может
 []


Underfull \hbox (badness 10000) in paragraph at lines 483--483
\TU/TimesNewRoman(0)/m/n/10 быть медленным
 []


Underfull \hbox (badness 10000) in paragraph at lines 483--483
\TU/TimesNewRoman(0)/m/n/10 из-за вычисления
 []


Underfull \hbox (badness 10000) in paragraph at lines 483--483
\TU/TimesNewRoman(0)/m/n/10 ковариационных
 []


Underfull \hbox (badness 10000) in paragraph at lines 483--483
[]|\TU/TimesNewRoman(0)/m/n/10 Медленное
 []


Underfull \hbox (badness 10000) in paragraph at lines 483--483
\TU/TimesNewRoman(0)/m/n/10 обучение; быстрое
 []


Underfull \hbox (badness 10000) in paragraph at lines 484--484
[]|\TU/TimesNewRoman(0)/b/n/10 Совместимость
 []


Underfull \hbox (badness 10000) in paragraph at lines 484--484
\TU/TimesNewRoman(0)/b/n/10 с технологиями
 []


Overfull \hbox (3.82631pt too wide) in paragraph at lines 484--484
\TU/TimesNewRoman(0)/m/n/10 оптимизированными
 []


Underfull \hbox (badness 10000) in paragraph at lines 484--484
\TU/TimesNewRoman(0)/m/n/10 библиотеками
 []


Underfull \hbox (badness 10000) in paragraph at lines 484--484
\TU/TimesNewRoman(0)/m/n/10 (XGBoost,
 []


Underfull \hbox (badness 10000) in paragraph at lines 484--484
[]|\TU/TimesNewRoman(0)/m/n/10 Да; легко
 []


Underfull \hbox (badness 10000) in paragraph at lines 484--484
[]|\TU/TimesNewRoman(0)/m/n/10 Ограничена;
 []


Underfull \hbox (badness 10000) in paragraph at lines 484--484
\TU/TimesNewRoman(0)/m/n/10 требует
 []


Underfull \hbox (badness 10000) in paragraph at lines 484--484
\TU/TimesNewRoman(0)/m/n/10 дополнительных
 []


Underfull \hbox (badness 10000) in paragraph at lines 484--484
\TU/TimesNewRoman(0)/m/n/10 усилий для
 []


Underfull \hbox (badness 10000) in paragraph at lines 484--484
[]|\TU/TimesNewRoman(0)/m/n/10 Ограничена;
 []


Underfull \hbox (badness 10000) in paragraph at lines 484--484
\TU/TimesNewRoman(0)/m/n/10 требует
 []


Underfull \hbox (badness 10000) in paragraph at lines 484--484
\TU/TimesNewRoman(0)/m/n/10 модификаций для
 []


Underfull \hbox (badness 10000) in paragraph at lines 485--485
[]|\TU/TimesNewRoman(0)/b/n/10 Поддержка
 []


Underfull \hbox (badness 10000) in paragraph at lines 485--485
\TU/TimesNewRoman(0)/b/n/10 параллельных
 []


Underfull \hbox (badness 10000) in paragraph at lines 485--485
\TU/TimesNewRoman(0)/b/n/10 вычислений и
 []


Underfull \hbox (badness 10000) in paragraph at lines 485--485
\TU/TimesNewRoman(0)/b/n/10 распределенной
 []


Underfull \hbox (badness 10000) in paragraph at lines 485--485
[]|\TU/TimesNewRoman(0)/m/n/10 Да;
 []


Underfull \hbox (badness 10000) in paragraph at lines 485--485
\TU/TimesNewRoman(0)/m/n/10 оптимизированные
 []


Underfull \hbox (badness 10000) in paragraph at lines 485--485
\TU/TimesNewRoman(0)/m/n/10 библиотеки
 []


Underfull \hbox (badness 10000) in paragraph at lines 485--485
\TU/TimesNewRoman(0)/m/n/10 используют
 []


Underfull \hbox (badness 10000) in paragraph at lines 485--485
\TU/TimesNewRoman(0)/m/n/10 многоядерные и
 []


Underfull \hbox (badness 10000) in paragraph at lines 485--485
\TU/TimesNewRoman(0)/m/n/10 распределенные
 []


Underfull \hbox (badness 10000) in paragraph at lines 485--485
[]|\TU/TimesNewRoman(0)/m/n/10 Ограничена; в
 []


Underfull \hbox (badness 10000) in paragraph at lines 485--485
\TU/TimesNewRoman(0)/m/n/10 требуется
 []


Underfull \hbox (badness 10000) in paragraph at lines 485--485
[]|\TU/TimesNewRoman(0)/m/n/10 Ограничена;
 []


Underfull \hbox (badness 10000) in paragraph at lines 485--485
\TU/TimesNewRoman(0)/m/n/10 требует
 []


Underfull \hbox (badness 10000) in paragraph at lines 485--485
\TU/TimesNewRoman(0)/m/n/10 существенных
 []


Underfull \hbox (badness 10000) in paragraph at lines 485--485
\TU/TimesNewRoman(0)/m/n/10 усилий для
 []


Underfull \hbox (badness 10000) in paragraph at lines 485--485
[]|\TU/TimesNewRoman(0)/m/n/10 Ограничена;
 []


Underfull \hbox (badness 10000) in paragraph at lines 485--485
\TU/TimesNewRoman(0)/m/n/10 не поддерживают
 []


Overfull \hbox (2.64912pt too wide) in alignment at lines 471--486
 [] [] [] [] [] 
 []

[27]
Overfull \hbox (1.69255pt too wide) in paragraph at lines 494--495
\TU/TimesNewRoman(0)/m/n/14.4 Данный показатель рассчитывается на основе информации, содержащейся в кре-
 []

[28] [29] [30] [31]
File: inc/png/01_A-0.png Graphic file (type bmp)
<inc/png/01_A-0.png>
 [32]
File: inc/png/02_A0.png Graphic file (type bmp)
<inc/png/02_A0.png>
 [33]
Overfull \hbox (2.43619pt too wide) in paragraph at lines 620--621
[]\TU/TimesNewRoman(0)/m/n/14.4 Был проведен анализ предметной области оценки кредитоспособности фи-
 []

) [34]
\openout2 = `20-design.aux'.

 (./20-design.tex
Overfull \hbox (3.11119pt too wide) in paragraph at lines 16--17
[]\TU/TimesNewRoman(0)/m/n/14.4 Осуществлять обучение модели на основе алгоритма градиентного бустин-
 []

[35



] [36]
File: inc/png/gbdt_credit_scoring_algorithm.png.drawio.png Graphic file (type bmp)
<inc/png/gbdt_credit_scoring_algorithm.png.drawio.png>
 [37]
Overfull \hbox (1.83784pt too wide) in paragraph at lines 68--69
\TU/TimesNewRoman(0)/m/n/14.4 щих его финансовое состояние, социально-демографические особенности и кре-
 []

LaTeX Font Info:    Font shape `OML/lmr/m/up' in size <14.4> not available
(Font)              Font shape `OML/lmm/m/it' tried instead on input line 71.
LaTeX Font Info:    Font shape `OMS/lmr/m/up' in size <14.4> not available
(Font)              Font shape `OMS/lmsy/m/n' tried instead on input line 71.
[38] [39]
Overfull \hbox (3.8874pt too wide) in paragraph at lines 123--124
[]\TU/TimesNewRoman(0)/m/n/14.4 обработка пропущенных значений предполагает заполнение пропусков ме-
 []

[40] [41] [42] [43] [44]
Overfull \hbox (4.09567pt too wide) in paragraph at lines 247--248
[]\TU/TimesNewRoman(0)/m/n/14.4 Взаимодействие компонентов осуществляется последовательно. Исходные
 []

File: inc/pdf/Схема взаимодействия компонентов системы.pdf Graphic file (type pdf)
<use inc/pdf/Схема взаимодействия компонентов системы.pdf>
[45]
Overfull \hbox (1.7366pt too wide) in paragraph at lines 266--267
[]\TU/TimesNewRoman(0)/m/n/14.4 Представлено описание признакового пространства, включающего финан-
 []

) [46]
\openout2 = `30-technology.aux'.

 (./30-technology.tex [47



] [48]
File: inc/pdf/Структурная схема взаимодействия компонентов системы.drawio.pdf Graphic file (type pdf)
<use inc/pdf/Структурная схема взаимодействия компонентов системы.drawio.pdf>
 [49] [50] [51] [52]
File: inc/png/roc_curve.png Graphic file (type bmp)
<inc/png/roc_curve.png>
 [53]
File: inc/png/pr_curve.png Graphic file (type bmp)
<inc/png/pr_curve.png>
 [54]
Underfull \hbox (badness 4205) in paragraph at lines 230--230
\TU/TimesNewRoman(0)/m/n/14.4 ветствующая формату входных
 []


Underfull \hbox (badness 7613) in paragraph at lines 232--232
[]|\TU/TimesNewRoman(0)/m/n/14.4 Загрузка данных из JSON-
 []


Underfull \hbox (badness 10000) in paragraph at lines 234--234
[]|\TU/TimesNewRoman(0)/m/n/14.4 Python-модуль запускается из
 []


Underfull \hbox (badness 1365) in paragraph at lines 234--234
\TU/TimesNewRoman(0)/m/n/14.4 приложения и получает путь к
 []


Underfull \hbox (badness 2310) in paragraph at lines 236--236
\TU/TimesNewRoman(0)/m/n/14.4 роятностью дефолта, баллом и
 []


Underfull \hbox (badness 3579) in paragraph at lines 238--238
[]|\TU/TimesNewRoman(0)/m/n/14.4 На форме отображаются веро-
 []


Underfull \hbox (badness 10000) in paragraph at lines 238--238
\TU/TimesNewRoman(0)/m/n/14.4 ятность дефолта, скоринговый
 []


Underfull \hbox (badness 4217) in paragraph at lines 240--240
[]|\TU/TimesNewRoman(0)/m/n/14.4 Пользователю выводится сооб-
 []

[55]
File: inc/png/test_client_form.png Graphic file (type bmp)
<inc/png/test_client_form.png>
 [56]
File: inc/png/test_credit_form.png Graphic file (type bmp)
<inc/png/test_credit_form.png>
 [57]
File: inc/png/test_history_form.png Graphic file (type bmp)
<inc/png/test_history_form.png>
 [58]
File: inc/png/test_result_form.png Graphic file (type bmp)
<inc/png/test_result_form.png>
 [59]) [60]
\openout2 = `40-research.aux'.

 (./40-research.tex [61



] [62] [63] [64]
File: inc/png/optimization_comparison.png Graphic file (type bmp)
<inc/png/optimization_comparison.png>
 [65]
File: inc/png/main_metrics.png Graphic file (type bmp)
<inc/png/main_metrics.png>
File: inc/png/extra_metrics.png Graphic file (type bmp)
<inc/png/extra_metrics.png>
 [66] [67] [68]
Overfull \hbox (2.72916pt too wide) in paragraph at lines 149--150
[]\TU/TimesNewRoman(0)/m/n/14.4 ROC-кривая показывает зависимость доли верно выявленных положитель-
 []

File: inc/png/roc_all_models.png Graphic file (type bmp)
<inc/png/roc_all_models.png>
[69]
File: inc/png/pr_all_models.png Graphic file (type bmp)
<inc/png/pr_all_models.png>
 [70]
File: inc/png/feature_importance.png Graphic file (type bmp)
<inc/png/feature_importance.png>
 [71] [72]
Overfull \hbox (1.71259pt too wide) in paragraph at lines 212--213
\TU/TimesNewRoman(0)/m/n/14.4 ется отсутствие полноценного учета временной динамики. Учет временных фак-
 []


Overfull \hbox (2.01016pt too wide) in paragraph at lines 225--226
\TU/TimesNewRoman(0)/m/n/14.4 зультат модели оказывают внешние скоринговые оценки, возраст заемщика, сум-
 []

[73])
Overfull \hbox (1.75066pt too wide) in paragraph at lines 227--16
[]\TU/TimesNewRoman(0)/m/n/14.4 Таким образом, проведенное исследование подтвердило целесообразность
 []

[74]
\openout2 = `50-conclusion.aux'.

 (./50-conclusion.tex
Overfull \hbox (3.36012pt too wide) in paragraph at lines 9--10
\TU/TimesNewRoman(0)/m/n/14.4 модулей обработки данных и машинного обучения был использован язык Python,
 []


Overfull \hbox (2.32657pt too wide) in paragraph at lines 11--12
\TU/TimesNewRoman(0)/m/n/14.4 ные включают вероятность дефолта, скоринговый балл, уровень кредитного рис-
 []

[75



]) [76]
\openout2 = `60-bibliography.aux'.

 (./60-bibliography.tex (build/report.bbl
Underfull \hbox (badness 2932) in paragraph at lines 61--65
[]\TU/TimesNewRoman(0)/m/n/14.4 Thomas  L. C. Credit Scoring and Its Applications / L. C. Thomas,
 []


Underfull \hbox (badness 1147) in paragraph at lines 82--87
[]\TU/TimesNewRoman(0)/m/n/14.4 Салахутдинова  К. И. Алгоритм градиентного бустинга деревьев ре-
 []

[77



]
Underfull \hbox (badness 4673) in paragraph at lines 90--94
\TU/TimesNewRoman(0)/m/n/14.4 Proceedings of the 22nd ACM SIGKDD International Conference on
 []

[78])) [79]
\openout2 = `70-application.aux'.

 (./70-application.tex (c:/texlive/2023/texmf-dist/tex/latex/listings/lstlang1.sty
File: lstlang1.sty 2023/02/27 1.9 listings language file
)
Package hyperref Info: bookmark level for unknown lstlisting defaults to 0 on input line 8.
 (./inc/src/data_preparation.py
LaTeX Font Info:    Font shape `TU/lmtt/bx/n' in size <10> not available
(Font)              Font shape `TU/lmtt/b/n' tried instead on input line 1.
) (./inc/src/data_preparation.py) [80



] (./inc/src/data_preparation.py) (./inc/src/data_preparation.py) [81] (./inc/src/data_preparation.py)) [82]
\openout2 = `71-application.aux'.

 (./71-application.tex (./inc/src/model_train_settings.json) (./inc/src/model_training.py) [83



] (./inc/src/model_training.py) [84] (./inc/src/model_testing.py) (./inc/src/model_testing.py)) [85]
\openout2 = `72-application.aux'.

 (./72-application.tex) [86



] 
enddocument/afterlastpage: lastpage setting LastPage.
(build/report.aux (build/01-abstract.aux) (build/02-naming.aux) (build/03-intro.aux) (build/10-analysis.aux) (build/20-design.aux) (build/30-technology.aux) (build/40-research.aux) (build/50-conclusion.aux) (build/60-bibliography.aux) (build/70-application.aux) (build/71-application.aux) (build/72-application.aux))

LaTeX Font Warning: Some font shapes were not available, defaults substituted.

Package rerunfilecheck Info: File `report.out' has not changed.
(rerunfilecheck)             Checksum: 252AABB3484F333984E0648D3D1DC588;11985.
 ) 
Here is how much of TeX's memory you used:
 23429 strings out of 476700
 457034 string characters out of 5807808
 2076410 words of memory out of 5000000
 43091 multiletter control sequences out of 15000+600000
 520327 words of font info for 89 fonts, out of 8000000 for 9000
 1348 hyphenation exceptions out of 8191
 77i,17n,88p,946b,1317s stack positions out of 10000i,1000n,20000p,200000b,200000s

Output written on build/report.xdv (83 pages, 1239212 bytes).
