\BOOKMARK [1][-]{Doc-Start}{\376\377\004\040\004\025\004\044\004\025\004\040\004\020\004\042}{}% 1
\BOOKMARK [1][-]{Doc-Start}{\376\377\004\036\004\037\004\040\004\025\004\024\004\025\004\033\004\025\004\035\004\030\004\057\000,\000\040\004\036\004\021\004\036\004\027\004\035\004\020\004\047\004\025\004\035\004\030\004\057\000\040\004\030\000\040\004\041\004\036\004\032\004\040\004\020\004\051\004\025\004\035\004\030\004\057}{}% 2
\BOOKMARK [1][-]{Item.12}{\376\377\004\022\004\022\004\025\004\024\004\025\004\035\004\030\004\025}{}% 3
\BOOKMARK [1][-]{section.1}{\376\377\004\020\004\075\004\060\004\073\004\070\004\102\004\070\004\107\004\065\004\101\004\072\004\070\004\071\000\040\004\100\004\060\004\067\004\064\004\065\004\073}{}% 4
\BOOKMARK [2][-]{subsection.1.1}{\376\377\004\020\004\075\004\060\004\073\004\070\004\067\000\040\004\077\004\100\004\065\004\064\004\074\004\065\004\102\004\075\004\076\004\071\000\040\004\076\004\061\004\073\004\060\004\101\004\102\004\070}{section.1}% 5
\BOOKMARK [2][-]{subsection.1.2}{\376\377\004\023\004\100\004\060\004\064\004\070\004\065\004\075\004\102\004\075\004\113\004\071\000\040\004\061\004\103\004\101\004\102\004\070\004\075\004\063\000\040\004\064\004\065\004\100\004\065\004\062\004\114\004\065\004\062\000\040\004\100\004\065\004\110\004\065\004\075\004\070\004\071}{section.1}% 6
\BOOKMARK [2][-]{subsection.1.3}{\376\377\004\033\004\076\004\063\004\070\004\101\004\102\004\070\004\107\004\065\004\101\004\072\004\060\004\117\000\040\004\100\004\065\004\063\004\100\004\065\004\101\004\101\004\070\004\117}{section.1}% 7
\BOOKMARK [2][-]{subsection.1.4}{\376\377\004\033\004\070\004\075\004\065\004\071\004\075\004\113\004\071\000\040\004\064\004\070\004\101\004\072\004\100\004\070\004\074\004\070\004\075\004\060\004\075\004\102\004\075\004\113\004\071\000\040\004\060\004\075\004\060\004\073\004\070\004\067}{section.1}% 8
\BOOKMARK [2][-]{subsection.1.5}{\376\377\004\034\004\065\004\102\004\076\004\064\000\040\004\076\004\077\004\076\004\100\004\075\004\113\004\105\000\040\004\062\004\065\004\072\004\102\004\076\004\100\004\076\004\062}{section.1}% 9
\BOOKMARK [2][-]{subsection.1.6}{\376\377\004\032\004\073\004\060\004\101\004\101\004\070\004\104\004\070\004\072\004\060\004\106\004\070\004\117\000\040\004\101\004\103\004\111\004\065\004\101\004\102\004\062\004\103\004\116\004\111\004\070\004\105\000\040\004\100\004\065\004\110\004\065\004\075\004\070\004\071}{section.1}% 10
\BOOKMARK [2][-]{subsection.1.7}{\376\377\004\041\004\072\004\076\004\100\004\070\004\075\004\063\004\076\004\062\004\060\004\117\000\040\004\101\004\070\004\101\004\102\004\065\004\074\004\060\000\040\000F\000I\000C\000O}{section.1}% 11
\BOOKMARK [2][-]{subsection.1.8}{\376\377\004\041\004\072\004\076\004\100\004\070\004\075\004\063\004\076\004\062\004\113\004\065\000\040\004\100\004\065\004\110\004\065\004\075\004\070\004\117\000\040\000E\000x\000p\000e\000r\000i\000a\000n}{section.1}% 12
\BOOKMARK [2][-]{subsection.1.9}{\376\377\004\041\004\072\004\076\004\100\004\070\004\075\004\063\004\076\004\062\004\113\004\065\000\040\004\101\004\070\004\101\004\102\004\065\004\074\004\113\000\040\004\075\004\060\000\040\004\076\004\101\004\075\004\076\004\062\004\065\000\040\004\074\004\060\004\110\004\070\004\075\004\075\004\076\004\063\004\076\000\040\004\076\004\061\004\103\004\107\004\065\004\075\004\070\004\117}{section.1}% 13
\BOOKMARK [2][-]{subsection.1.10}{\376\377\004\044\004\076\004\100\004\074\004\103\004\073\004\070\004\100\004\076\004\062\004\072\004\060\000\040\004\106\004\065\004\073\004\070}{section.1}% 14
\BOOKMARK [2][-]{subsection.1.11}{\376\377\004\044\004\076\004\100\004\074\004\060\004\073\004\070\004\067\004\060\004\106\004\070\004\117\000\040\004\067\004\060\004\064\004\060\004\107\004\070\000.\000\040\000I\000D\000E\000F\0000\000-\004\064\004\070\004\060\004\063\004\100\004\060\004\074\004\074\004\060}{section.1}% 15
\BOOKMARK [1][-]{section.2}{\376\377\004\032\004\076\004\075\004\101\004\102\004\100\004\103\004\072\004\102\004\076\004\100\004\101\004\072\004\070\004\071\000\040\004\100\004\060\004\067\004\064\004\065\004\073}{}% 16
\BOOKMARK [2][-]{subsection.2.1}{\376\377\004\042\004\100\004\065\004\061\004\076\004\062\004\060\004\075\004\070\004\117\000\040\004\072\000\040\004\100\004\060\004\067\004\100\004\060\004\061\004\060\004\102\004\113\004\062\004\060\004\065\004\074\004\076\004\074\004\103\000\040\004\074\004\065\004\102\004\076\004\064\004\103}{section.2}% 17
\BOOKMARK [2][-]{subsection.2.2}{\376\377\004\042\004\100\004\065\004\061\004\076\004\062\004\060\004\075\004\070\004\117\000\040\004\072\000\040\004\077\004\100\004\076\004\063\004\100\004\060\004\074\004\074\004\075\004\076\004\074\004\103\000\040\004\072\004\076\004\074\004\077\004\073\004\065\004\072\004\101\004\103}{section.2}% 18
\BOOKMARK [2][-]{subsection.2.3}{\376\377\004\036\004\101\004\075\004\076\004\062\004\075\004\076\004\071\000\040\004\060\004\073\004\063\004\076\004\100\004\070\004\102\004\074\000\040\004\100\004\060\004\061\004\076\004\102\004\113}{section.2}% 19
\BOOKMARK [2][-]{subsection.2.4}{\376\377\004\036\004\077\004\070\004\101\004\060\004\075\004\070\004\065\000\040\004\062\004\105\004\076\004\064\004\075\004\113\004\105\000\040\004\064\004\060\004\075\004\075\004\113\004\105\000\040\004\070\000\040\004\077\004\100\004\070\004\067\004\075\004\060\004\072\004\076\004\062\004\076\004\063\004\076\000\040\004\077\004\100\004\076\004\101\004\102\004\100\004\060\004\075\004\101\004\102\004\062\004\060}{section.2}% 20
\BOOKMARK [2][-]{subsection.2.5}{\376\377\004\037\004\100\004\065\004\064\004\076\004\061\004\100\004\060\004\061\004\076\004\102\004\072\004\060\000\040\004\064\004\060\004\075\004\075\004\113\004\105}{section.2}% 21
\BOOKMARK [2][-]{subsection.2.6}{\376\377\004\037\004\060\004\100\004\060\004\074\004\065\004\102\004\100\004\113\000\040\004\070\000\040\004\075\004\060\004\101\004\102\004\100\004\076\004\071\004\072\004\060\000\040\004\074\004\076\004\064\004\065\004\073\004\070}{section.2}% 22
\BOOKMARK [2][-]{subsection.2.7}{\376\377\004\044\004\076\004\100\004\074\004\070\004\100\004\076\004\062\004\060\004\075\004\070\004\065\000\040\004\100\004\065\004\067\004\103\004\073\004\114\004\102\004\060\004\102\004\060\000\040\004\070\000\040\004\077\004\100\004\070\004\075\004\117\004\102\004\070\004\065\000\040\004\100\004\065\004\110\004\065\004\075\004\070\004\117}{section.2}% 23
\BOOKMARK [2][-]{subsection.2.8}{\376\377\004\041\004\102\004\100\004\103\004\072\004\102\004\103\004\100\004\113\000\040\004\064\004\060\004\075\004\075\004\113\004\105}{section.2}% 24
\BOOKMARK [2][-]{subsection.2.9}{\376\377\004\022\004\067\004\060\004\070\004\074\004\076\004\064\004\065\004\071\004\101\004\102\004\062\004\070\004\065\000\040\004\072\004\076\004\074\004\077\004\076\004\075\004\065\004\075\004\102\004\076\004\062\000\040\004\101\004\070\004\101\004\102\004\065\004\074\004\113}{section.2}% 25
\BOOKMARK [1][-]{section.3}{\376\377\004\042\004\065\004\105\004\075\004\076\004\073\004\076\004\063\004\070\004\107\004\065\004\101\004\072\004\070\004\071\000\040\004\100\004\060\004\067\004\064\004\065\004\073}{}% 26
\BOOKMARK [2][-]{subsection.3.1}{\376\377\004\036\004\061\004\076\004\101\004\075\004\076\004\062\004\060\004\075\004\070\004\065\000\040\004\062\004\113\004\061\004\076\004\100\004\060\000\040\004\102\004\065\004\105\004\075\004\076\004\073\004\076\004\063\004\070\004\071}{section.3}% 27
\BOOKMARK [2][-]{subsection.3.2}{\376\377\004\036\004\101\004\075\004\076\004\062\004\075\004\113\004\065\000\040\004\077\004\100\004\076\004\063\004\100\004\060\004\074\004\074\004\075\004\113\004\065\000\040\004\074\004\076\004\064\004\103\004\073\004\070\000\040\004\101\004\070\004\101\004\102\004\065\004\074\004\113}{section.3}% 28
\BOOKMARK [2][-]{subsection.3.3}{\376\377\004\044\004\076\004\100\004\074\004\060\004\102\000\040\004\062\004\105\004\076\004\064\004\075\004\113\004\105\000\040\004\070\000\040\004\062\004\113\004\105\004\076\004\064\004\075\004\113\004\105\000\040\004\064\004\060\004\075\004\075\004\113\004\105}{section.3}% 29
\BOOKMARK [2][-]{subsection.3.4}{\376\377\004\042\004\065\004\101\004\102\004\070\004\100\004\076\004\062\004\060\004\075\004\070\004\065\000\040\004\077\004\100\004\076\004\063\004\100\004\060\004\074\004\074\004\075\004\076\004\063\004\076\000\040\004\076\004\061\004\065\004\101\004\077\004\065\004\107\004\065\004\075\004\070\004\117}{section.3}% 30
\BOOKMARK [1][-]{section.4}{\376\377\004\030\004\101\004\101\004\073\004\065\004\064\004\076\004\062\004\060\004\102\004\065\004\073\004\114\004\101\004\072\004\070\004\071\000\040\004\100\004\060\004\067\004\064\004\065\004\073}{}% 31
\BOOKMARK [2][-]{subsection.4.1}{\376\377\004\020\004\075\004\060\004\073\004\070\004\067\000\040\004\064\004\070\004\101\004\061\004\060\004\073\004\060\004\075\004\101\004\060\000\040\004\072\004\073\004\060\004\101\004\101\004\076\004\062}{section.4}% 32
\BOOKMARK [2][-]{subsection.4.2}{\376\377\004\036\004\077\004\102\004\070\004\074\004\070\004\067\004\060\004\106\004\070\004\117\000\040\004\063\004\070\004\077\004\065\004\100\004\077\004\060\004\100\004\060\004\074\004\065\004\102\004\100\004\076\004\062\000\040\004\074\004\076\004\064\004\065\004\073\004\070}{section.4}% 33
\BOOKMARK [2][-]{subsection.4.3}{\376\377\004\041\004\100\004\060\004\062\004\075\004\065\004\075\004\070\004\065\000\040\004\074\004\076\004\064\004\065\004\073\004\065\004\071\000\040\004\077\004\076\000\040\004\076\004\101\004\075\004\076\004\062\004\075\004\113\004\074\000\040\004\074\004\065\004\102\004\100\004\070\004\072\004\060\004\074}{section.4}% 34
\BOOKMARK [2][-]{subsection.4.4}{\376\377\004\041\004\100\004\060\004\062\004\075\004\065\004\075\004\070\004\065\000\040\004\074\004\076\004\064\004\065\004\073\004\065\004\071\000\040\004\077\004\076\000\040\004\064\004\076\004\077\004\076\004\073\004\075\004\070\004\102\004\065\004\073\004\114\004\075\004\113\004\074\000\040\004\074\004\065\004\102\004\100\004\070\004\072\004\060\004\074}{section.4}% 35
\BOOKMARK [2][-]{subsection.4.5}{\376\377\004\020\004\075\004\060\004\073\004\070\004\067\000\040\000R\000O\000C\000-\004\072\004\100\004\070\004\062\004\113\004\105}{section.4}% 36
\BOOKMARK [2][-]{subsection.4.6}{\376\377\004\020\004\075\004\060\004\073\004\070\004\067\000\040\000P\000r\000e\000c\000i\000s\000i\000o\000n\000-\000R\000e\000c\000a\000l\000l\000\040\004\072\004\100\004\070\004\062\004\113\004\105}{section.4}% 37
\BOOKMARK [2][-]{subsection.4.7}{\376\377\004\020\004\075\004\060\004\073\004\070\004\067\000\040\004\067\004\075\004\060\004\107\004\070\004\074\004\076\004\101\004\102\004\070\000\040\004\077\004\100\004\070\004\067\004\075\004\060\004\072\004\076\004\062}{section.4}% 38
\BOOKMARK [2][-]{subsection.4.8}{\376\377\004\036\004\063\004\100\004\060\004\075\004\070\004\107\004\065\004\075\004\070\004\117\000\040\004\077\004\100\004\076\004\062\004\065\004\064\004\065\004\075\004\075\004\076\004\063\004\076\000\040\004\070\004\101\004\101\004\073\004\065\004\064\004\076\004\062\004\060\004\075\004\070\004\117}{section.4}% 39
\BOOKMARK [1][-]{subsection.4.8}{\376\377\004\027\004\020\004\032\004\033\004\056\004\047\004\025\004\035\004\030\004\025}{}% 40
\BOOKMARK [1][-]{subsection.4.8}{\376\377\004\041\004\037\004\030\004\041\004\036\004\032\000\040\004\030\004\041\004\037\004\036\004\033\004\054\004\027\004\036\004\022\004\020\004\035\004\035\004\053\004\045\000\040\004\030\004\041\004\042\004\036\004\047\004\035\004\030\004\032\004\036\004\022}{}% 41
\BOOKMARK [1][-]{subsection.4.8}{\376\377\004\037\004\040\004\030\004\033\004\036\004\026\004\025\004\035\004\030\004\025\000\040\004\020}{}% 42
\BOOKMARK [1][-]{lstnumber.5.16}{\376\377\004\037\004\040\004\030\004\033\004\036\004\026\004\025\004\035\004\030\004\025\000\040\004\021}{}% 43
\BOOKMARK [1][-]{lstnumber.10.19}{\376\377\004\037\004\040\004\030\004\033\004\036\004\026\004\025\004\035\004\030\004\025\000\040\004\022}{}% 44
