2025-05-04 01:16:44,921 - INFO - HTTP Request: POST https://api.telegram.org/bot8038925716:AAFVN9VPHztw7vJikCBFQZ_1IaEK7Je4WFE/getMe "HTTP/1.1 200 OK"
2025-05-04 01:16:44,963 - INFO - HTTP Request: POST https://api.telegram.org/bot8038925716:AAFVN9VPHztw7vJikCBFQZ_1IaEK7Je4WFE/deleteWebhook "HTTP/1.1 200 OK"
2025-05-04 01:16:44,965 - INFO - Application started
2025-05-04 01:16:48,847 - INFO - HTTP Request: POST https://api.telegram.org/bot8038925716:AAFVN9VPHztw7vJikCBFQZ_1IaEK7Je4WFE/getUpdates "HTTP/1.1 200 OK"
2025-05-04 01:16:48,909 - INFO - HTTP Request: POST https://api.telegram.org/bot8038925716:AAFVN9VPHztw7vJikCBFQZ_1IaEK7Je4WFE/sendMessage "HTTP/1.1 200 OK"
2025-05-04 01:16:50,104 - INFO - HTTP Request: POST https://api.telegram.org/bot8038925716:AAFVN9VPHztw7vJikCBFQZ_1IaEK7Je4WFE/getUpdates "HTTP/1.1 200 OK"
2025-05-04 01:16:50,166 - INFO - HTTP Request: POST https://api.telegram.org/bot8038925716:AAFVN9VPHztw7vJikCBFQZ_1IaEK7Je4WFE/sendMessage "HTTP/1.1 200 OK"
2025-05-04 01:16:51,301 - INFO - HTTP Request: POST https://api.telegram.org/bot8038925716:AAFVN9VPHztw7vJikCBFQZ_1IaEK7Je4WFE/getUpdates "HTTP/1.1 200 OK"
2025-05-04 01:16:51,364 - INFO - HTTP Request: POST https://api.telegram.org/bot8038925716:AAFVN9VPHztw7vJikCBFQZ_1IaEK7Je4WFE/sendMessage "HTTP/1.1 200 OK"
2025-05-04 01:16:52,846 - INFO - HTTP Request: POST https://api.telegram.org/bot8038925716:AAFVN9VPHztw7vJikCBFQZ_1IaEK7Je4WFE/getUpdates "HTTP/1.1 200 OK"
2025-05-04 01:16:52,907 - INFO - HTTP Request: POST https://api.telegram.org/bot8038925716:AAFVN9VPHztw7vJikCBFQZ_1IaEK7Je4WFE/sendMessage "HTTP/1.1 200 OK"
2025-05-04 01:16:53,115 - INFO - HTTP Request: POST https://api.telegram.org/bot8038925716:AAFVN9VPHztw7vJikCBFQZ_1IaEK7Je4WFE/sendMessage "HTTP/1.1 200 OK"
2025-05-04 01:17:02,907 - INFO - HTTP Request: POST https://api.telegram.org/bot8038925716:AAFVN9VPHztw7vJikCBFQZ_1IaEK7Je4WFE/getUpdates "HTTP/1.1 200 OK"
2025-05-04 01:17:12,950 - INFO - HTTP Request: POST https://api.telegram.org/bot8038925716:AAFVN9VPHztw7vJikCBFQZ_1IaEK7Je4WFE/getUpdates "HTTP/1.1 200 OK"
2025-05-04 01:17:22,993 - INFO - HTTP Request: POST https://api.telegram.org/bot8038925716:AAFVN9VPHztw7vJikCBFQZ_1IaEK7Je4WFE/getUpdates "HTTP/1.1 200 OK"
2025-05-04 01:17:33,038 - INFO - HTTP Request: POST https://api.telegram.org/bot8038925716:AAFVN9VPHztw7vJikCBFQZ_1IaEK7Je4WFE/getUpdates "HTTP/1.1 200 OK"
2025-05-04 01:17:43,081 - INFO - HTTP Request: POST https://api.telegram.org/bot8038925716:AAFVN9VPHztw7vJikCBFQZ_1IaEK7Je4WFE/getUpdates "HTTP/1.1 200 OK"
2025-05-04 01:17:53,169 - INFO - HTTP Request: POST https://api.telegram.org/bot8038925716:AAFVN9VPHztw7vJikCBFQZ_1IaEK7Je4WFE/getUpdates "HTTP/1.1 200 OK"
2025-05-04 01:18:03,217 - INFO - HTTP Request: POST https://api.telegram.org/bot8038925716:AAFVN9VPHztw7vJikCBFQZ_1IaEK7Je4WFE/getUpdates "HTTP/1.1 200 OK"
2025-05-04 01:18:13,260 - INFO - HTTP Request: POST https://api.telegram.org/bot8038925716:AAFVN9VPHztw7vJikCBFQZ_1IaEK7Je4WFE/getUpdates "HTTP/1.1 200 OK"
2025-05-04 01:18:23,304 - INFO - HTTP Request: POST https://api.telegram.org/bot8038925716:AAFVN9VPHztw7vJikCBFQZ_1IaEK7Je4WFE/getUpdates "HTTP/1.1 200 OK"
2025-05-04 01:18:33,347 - INFO - HTTP Request: POST https://api.telegram.org/bot8038925716:AAFVN9VPHztw7vJikCBFQZ_1IaEK7Je4WFE/getUpdates "HTTP/1.1 200 OK"
2025-05-04 01:18:43,393 - INFO - HTTP Request: POST https://api.telegram.org/bot8038925716:AAFVN9VPHztw7vJikCBFQZ_1IaEK7Je4WFE/getUpdates "HTTP/1.1 200 OK"
2025-05-04 01:18:53,437 - INFO - HTTP Request: POST https://api.telegram.org/bot8038925716:AAFVN9VPHztw7vJikCBFQZ_1IaEK7Je4WFE/getUpdates "HTTP/1.1 200 OK"
2025-05-04 01:19:03,481 - INFO - HTTP Request: POST https://api.telegram.org/bot8038925716:AAFVN9VPHztw7vJikCBFQZ_1IaEK7Je4WFE/getUpdates "HTTP/1.1 200 OK"
2025-05-04 01:19:13,524 - INFO - HTTP Request: POST https://api.telegram.org/bot8038925716:AAFVN9VPHztw7vJikCBFQZ_1IaEK7Je4WFE/getUpdates "HTTP/1.1 200 OK"
2025-05-04 01:19:23,592 - INFO - HTTP Request: POST https://api.telegram.org/bot8038925716:AAFVN9VPHztw7vJikCBFQZ_1IaEK7Je4WFE/getUpdates "HTTP/1.1 200 OK"
2025-05-04 01:19:33,635 - INFO - HTTP Request: POST https://api.telegram.org/bot8038925716:AAFVN9VPHztw7vJikCBFQZ_1IaEK7Je4WFE/getUpdates "HTTP/1.1 200 OK"
2025-05-04 01:19:43,679 - INFO - HTTP Request: POST https://api.telegram.org/bot8038925716:AAFVN9VPHztw7vJikCBFQZ_1IaEK7Je4WFE/getUpdates "HTTP/1.1 200 OK"
2025-05-04 01:19:53,735 - INFO - HTTP Request: POST https://api.telegram.org/bot8038925716:AAFVN9VPHztw7vJikCBFQZ_1IaEK7Je4WFE/getUpdates "HTTP/1.1 200 OK"
2025-05-04 01:20:03,779 - INFO - HTTP Request: POST https://api.telegram.org/bot8038925716:AAFVN9VPHztw7vJikCBFQZ_1IaEK7Je4WFE/getUpdates "HTTP/1.1 200 OK"
2025-05-04 01:20:13,823 - INFO - HTTP Request: POST https://api.telegram.org/bot8038925716:AAFVN9VPHztw7vJikCBFQZ_1IaEK7Je4WFE/getUpdates "HTTP/1.1 200 OK"
2025-05-04 01:20:23,867 - INFO - HTTP Request: POST https://api.telegram.org/bot8038925716:AAFVN9VPHztw7vJikCBFQZ_1IaEK7Je4WFE/getUpdates "HTTP/1.1 200 OK"
2025-05-04 01:20:33,911 - INFO - HTTP Request: POST https://api.telegram.org/bot8038925716:AAFVN9VPHztw7vJikCBFQZ_1IaEK7Je4WFE/getUpdates "HTTP/1.1 200 OK"
2025-05-04 01:20:43,956 - INFO - HTTP Request: POST https://api.telegram.org/bot8038925716:AAFVN9VPHztw7vJikCBFQZ_1IaEK7Je4WFE/getUpdates "HTTP/1.1 200 OK"
2025-05-04 01:20:54,001 - INFO - HTTP Request: POST https://api.telegram.org/bot8038925716:AAFVN9VPHztw7vJikCBFQZ_1IaEK7Je4WFE/getUpdates "HTTP/1.1 200 OK"
2025-05-04 01:21:04,043 - INFO - HTTP Request: POST https://api.telegram.org/bot8038925716:AAFVN9VPHztw7vJikCBFQZ_1IaEK7Je4WFE/getUpdates "HTTP/1.1 200 OK"
2025-05-04 01:21:14,086 - INFO - HTTP Request: POST https://api.telegram.org/bot8038925716:AAFVN9VPHztw7vJikCBFQZ_1IaEK7Je4WFE/getUpdates "HTTP/1.1 200 OK"
2025-05-04 01:21:24,130 - INFO - HTTP Request: POST https://api.telegram.org/bot8038925716:AAFVN9VPHztw7vJikCBFQZ_1IaEK7Je4WFE/getUpdates "HTTP/1.1 200 OK"
2025-05-04 01:21:34,173 - INFO - HTTP Request: POST https://api.telegram.org/bot8038925716:AAFVN9VPHztw7vJikCBFQZ_1IaEK7Je4WFE/getUpdates "HTTP/1.1 200 OK"
2025-05-04 01:21:44,216 - INFO - HTTP Request: POST https://api.telegram.org/bot8038925716:AAFVN9VPHztw7vJikCBFQZ_1IaEK7Je4WFE/getUpdates "HTTP/1.1 200 OK"
2025-05-04 01:21:54,261 - INFO - HTTP Request: POST https://api.telegram.org/bot8038925716:AAFVN9VPHztw7vJikCBFQZ_1IaEK7Je4WFE/getUpdates "HTTP/1.1 200 OK"
2025-05-04 01:22:04,307 - INFO - HTTP Request: POST https://api.telegram.org/bot8038925716:AAFVN9VPHztw7vJikCBFQZ_1IaEK7Je4WFE/getUpdates "HTTP/1.1 200 OK"
2025-05-04 01:22:14,351 - INFO - HTTP Request: POST https://api.telegram.org/bot8038925716:AAFVN9VPHztw7vJikCBFQZ_1IaEK7Je4WFE/getUpdates "HTTP/1.1 200 OK"
2025-05-04 01:22:24,395 - INFO - HTTP Request: POST https://api.telegram.org/bot8038925716:AAFVN9VPHztw7vJikCBFQZ_1IaEK7Je4WFE/getUpdates "HTTP/1.1 200 OK"
2025-05-04 01:22:31,614 - INFO - HTTP Request: POST https://api.telegram.org/bot8038925716:AAFVN9VPHztw7vJikCBFQZ_1IaEK7Je4WFE/getUpdates "HTTP/1.1 200 OK"
2025-05-04 01:22:31,614 - INFO - Application is stopping. This might take a moment.
2025-05-04 01:22:31,615 - INFO - Application.stop() complete
2025-05-04 01:22:38,914 - INFO - HTTP Request: POST https://api.telegram.org/bot8038925716:AAFVN9VPHztw7vJikCBFQZ_1IaEK7Je4WFE/getMe "HTTP/1.1 200 OK"
2025-05-04 01:22:38,958 - INFO - HTTP Request: POST https://api.telegram.org/bot8038925716:AAFVN9VPHztw7vJikCBFQZ_1IaEK7Je4WFE/deleteWebhook "HTTP/1.1 200 OK"
2025-05-04 01:22:38,960 - INFO - Application started
2025-05-04 01:22:43,732 - INFO - HTTP Request: POST https://api.telegram.org/bot8038925716:AAFVN9VPHztw7vJikCBFQZ_1IaEK7Je4WFE/getUpdates "HTTP/1.1 200 OK"
2025-05-04 01:22:43,804 - INFO - HTTP Request: POST https://api.telegram.org/bot8038925716:AAFVN9VPHztw7vJikCBFQZ_1IaEK7Je4WFE/sendMessage "HTTP/1.1 200 OK"
2025-05-04 01:22:44,937 - INFO - HTTP Request: POST https://api.telegram.org/bot8038925716:AAFVN9VPHztw7vJikCBFQZ_1IaEK7Je4WFE/getUpdates "HTTP/1.1 200 OK"
2025-05-04 01:22:45,037 - INFO - HTTP Request: POST https://api.telegram.org/bot8038925716:AAFVN9VPHztw7vJikCBFQZ_1IaEK7Je4WFE/sendMessage "HTTP/1.1 200 OK"
2025-05-04 01:22:45,929 - INFO - HTTP Request: POST https://api.telegram.org/bot8038925716:AAFVN9VPHztw7vJikCBFQZ_1IaEK7Je4WFE/getUpdates "HTTP/1.1 200 OK"
2025-05-04 01:22:45,992 - INFO - HTTP Request: POST https://api.telegram.org/bot8038925716:AAFVN9VPHztw7vJikCBFQZ_1IaEK7Je4WFE/sendMessage "HTTP/1.1 200 OK"
2025-05-04 01:22:47,880 - INFO - HTTP Request: POST https://api.telegram.org/bot8038925716:AAFVN9VPHztw7vJikCBFQZ_1IaEK7Je4WFE/getUpdates "HTTP/1.1 200 OK"
2025-05-04 01:22:47,996 - INFO - HTTP Request: POST https://api.telegram.org/bot8038925716:AAFVN9VPHztw7vJikCBFQZ_1IaEK7Je4WFE/sendMessage "HTTP/1.1 200 OK"
2025-05-04 01:22:48,277 - INFO - HTTP Request: POST https://api.telegram.org/bot8038925716:AAFVN9VPHztw7vJikCBFQZ_1IaEK7Je4WFE/sendMessage "HTTP/1.1 200 OK"
2025-05-04 01:22:57,925 - INFO - HTTP Request: POST https://api.telegram.org/bot8038925716:AAFVN9VPHztw7vJikCBFQZ_1IaEK7Je4WFE/getUpdates "HTTP/1.1 200 OK"
2025-05-04 01:23:07,967 - INFO - HTTP Request: POST https://api.telegram.org/bot8038925716:AAFVN9VPHztw7vJikCBFQZ_1IaEK7Je4WFE/getUpdates "HTTP/1.1 200 OK"
2025-05-04 01:23:18,013 - INFO - HTTP Request: POST https://api.telegram.org/bot8038925716:AAFVN9VPHztw7vJikCBFQZ_1IaEK7Je4WFE/getUpdates "HTTP/1.1 200 OK"
2025-05-04 01:23:28,058 - INFO - HTTP Request: POST https://api.telegram.org/bot8038925716:AAFVN9VPHztw7vJikCBFQZ_1IaEK7Je4WFE/getUpdates "HTTP/1.1 200 OK"
2025-05-04 01:23:38,101 - INFO - HTTP Request: POST https://api.telegram.org/bot8038925716:AAFVN9VPHztw7vJikCBFQZ_1IaEK7Je4WFE/getUpdates "HTTP/1.1 200 OK"
2025-05-04 01:23:48,189 - INFO - HTTP Request: POST https://api.telegram.org/bot8038925716:AAFVN9VPHztw7vJikCBFQZ_1IaEK7Je4WFE/getUpdates "HTTP/1.1 200 OK"
2025-05-04 01:23:58,233 - INFO - HTTP Request: POST https://api.telegram.org/bot8038925716:AAFVN9VPHztw7vJikCBFQZ_1IaEK7Je4WFE/getUpdates "HTTP/1.1 200 OK"
2025-05-04 01:24:08,277 - INFO - HTTP Request: POST https://api.telegram.org/bot8038925716:AAFVN9VPHztw7vJikCBFQZ_1IaEK7Je4WFE/getUpdates "HTTP/1.1 200 OK"
2025-05-04 01:24:18,320 - INFO - HTTP Request: POST https://api.telegram.org/bot8038925716:AAFVN9VPHztw7vJikCBFQZ_1IaEK7Je4WFE/getUpdates "HTTP/1.1 200 OK"
2025-05-04 01:24:28,363 - INFO - HTTP Request: POST https://api.telegram.org/bot8038925716:AAFVN9VPHztw7vJikCBFQZ_1IaEK7Je4WFE/getUpdates "HTTP/1.1 200 OK"
2025-05-04 01:24:38,406 - INFO - HTTP Request: POST https://api.telegram.org/bot8038925716:AAFVN9VPHztw7vJikCBFQZ_1IaEK7Je4WFE/getUpdates "HTTP/1.1 200 OK"
2025-05-04 01:24:48,449 - INFO - HTTP Request: POST https://api.telegram.org/bot8038925716:AAFVN9VPHztw7vJikCBFQZ_1IaEK7Je4WFE/getUpdates "HTTP/1.1 200 OK"
2025-05-04 01:24:58,495 - INFO - HTTP Request: POST https://api.telegram.org/bot8038925716:AAFVN9VPHztw7vJikCBFQZ_1IaEK7Je4WFE/getUpdates "HTTP/1.1 200 OK"
2025-05-04 01:25:08,540 - INFO - HTTP Request: POST https://api.telegram.org/bot8038925716:AAFVN9VPHztw7vJikCBFQZ_1IaEK7Je4WFE/getUpdates "HTTP/1.1 200 OK"
2025-05-04 01:25:18,582 - INFO - HTTP Request: POST https://api.telegram.org/bot8038925716:AAFVN9VPHztw7vJikCBFQZ_1IaEK7Je4WFE/getUpdates "HTTP/1.1 200 OK"
2025-05-04 01:25:28,625 - INFO - HTTP Request: POST https://api.telegram.org/bot8038925716:AAFVN9VPHztw7vJikCBFQZ_1IaEK7Je4WFE/getUpdates "HTTP/1.1 200 OK"
2025-05-04 01:25:38,668 - INFO - HTTP Request: POST https://api.telegram.org/bot8038925716:AAFVN9VPHztw7vJikCBFQZ_1IaEK7Je4WFE/getUpdates "HTTP/1.1 200 OK"
2025-05-04 01:25:48,713 - INFO - HTTP Request: POST https://api.telegram.org/bot8038925716:AAFVN9VPHztw7vJikCBFQZ_1IaEK7Je4WFE/getUpdates "HTTP/1.1 200 OK"
2025-05-04 01:25:58,761 - INFO - HTTP Request: POST https://api.telegram.org/bot8038925716:AAFVN9VPHztw7vJikCBFQZ_1IaEK7Je4WFE/getUpdates "HTTP/1.1 200 OK"
2025-05-04 01:26:08,805 - INFO - HTTP Request: POST https://api.telegram.org/bot8038925716:AAFVN9VPHztw7vJikCBFQZ_1IaEK7Je4WFE/getUpdates "HTTP/1.1 200 OK"
2025-05-04 01:26:18,849 - INFO - HTTP Request: POST https://api.telegram.org/bot8038925716:AAFVN9VPHztw7vJikCBFQZ_1IaEK7Je4WFE/getUpdates "HTTP/1.1 200 OK"
2025-05-04 01:26:28,892 - INFO - HTTP Request: POST https://api.telegram.org/bot8038925716:AAFVN9VPHztw7vJikCBFQZ_1IaEK7Je4WFE/getUpdates "HTTP/1.1 200 OK"
2025-05-04 01:26:38,936 - INFO - HTTP Request: POST https://api.telegram.org/bot8038925716:AAFVN9VPHztw7vJikCBFQZ_1IaEK7Je4WFE/getUpdates "HTTP/1.1 200 OK"
2025-05-04 01:26:48,980 - INFO - HTTP Request: POST https://api.telegram.org/bot8038925716:AAFVN9VPHztw7vJikCBFQZ_1IaEK7Je4WFE/getUpdates "HTTP/1.1 200 OK"
2025-05-04 01:26:59,027 - INFO - HTTP Request: POST https://api.telegram.org/bot8038925716:AAFVN9VPHztw7vJikCBFQZ_1IaEK7Je4WFE/getUpdates "HTTP/1.1 200 OK"
2025-05-04 01:27:09,071 - INFO - HTTP Request: POST https://api.telegram.org/bot8038925716:AAFVN9VPHztw7vJikCBFQZ_1IaEK7Je4WFE/getUpdates "HTTP/1.1 200 OK"
2025-05-04 01:27:19,115 - INFO - HTTP Request: POST https://api.telegram.org/bot8038925716:AAFVN9VPHztw7vJikCBFQZ_1IaEK7Je4WFE/getUpdates "HTTP/1.1 200 OK"
2025-05-04 01:27:29,159 - INFO - HTTP Request: POST https://api.telegram.org/bot8038925716:AAFVN9VPHztw7vJikCBFQZ_1IaEK7Je4WFE/getUpdates "HTTP/1.1 200 OK"
2025-05-04 01:27:39,203 - INFO - HTTP Request: POST https://api.telegram.org/bot8038925716:AAFVN9VPHztw7vJikCBFQZ_1IaEK7Je4WFE/getUpdates "HTTP/1.1 200 OK"
2025-05-04 01:27:49,247 - INFO - HTTP Request: POST https://api.telegram.org/bot8038925716:AAFVN9VPHztw7vJikCBFQZ_1IaEK7Je4WFE/getUpdates "HTTP/1.1 200 OK"
2025-05-04 01:27:59,290 - INFO - HTTP Request: POST https://api.telegram.org/bot8038925716:AAFVN9VPHztw7vJikCBFQZ_1IaEK7Je4WFE/getUpdates "HTTP/1.1 200 OK"
2025-05-04 01:28:09,335 - INFO - HTTP Request: POST https://api.telegram.org/bot8038925716:AAFVN9VPHztw7vJikCBFQZ_1IaEK7Je4WFE/getUpdates "HTTP/1.1 200 OK"
2025-05-04 01:28:19,414 - INFO - HTTP Request: POST https://api.telegram.org/bot8038925716:AAFVN9VPHztw7vJikCBFQZ_1IaEK7Je4WFE/getUpdates "HTTP/1.1 200 OK"
2025-05-04 01:28:29,458 - INFO - HTTP Request: POST https://api.telegram.org/bot8038925716:AAFVN9VPHztw7vJikCBFQZ_1IaEK7Je4WFE/getUpdates "HTTP/1.1 200 OK"
2025-05-04 01:28:43,120 - INFO - HTTP Request: POST https://api.telegram.org/bot8038925716:AAFVN9VPHztw7vJikCBFQZ_1IaEK7Je4WFE/getMe "HTTP/1.1 200 OK"
2025-05-04 01:28:43,188 - INFO - HTTP Request: POST https://api.telegram.org/bot8038925716:AAFVN9VPHztw7vJikCBFQZ_1IaEK7Je4WFE/deleteWebhook "HTTP/1.1 200 OK"
2025-05-04 01:28:43,189 - INFO - Application started
2025-05-04 01:28:50,210 - INFO - HTTP Request: POST https://api.telegram.org/bot8038925716:AAFVN9VPHztw7vJikCBFQZ_1IaEK7Je4WFE/getUpdates "HTTP/1.1 200 OK"
2025-05-04 01:28:50,531 - INFO - HTTP Request: POST https://api.telegram.org/bot8038925716:AAFVN9VPHztw7vJikCBFQZ_1IaEK7Je4WFE/sendMessage "HTTP/1.1 200 OK"
2025-05-04 01:28:51,649 - INFO - HTTP Request: POST https://api.telegram.org/bot8038925716:AAFVN9VPHztw7vJikCBFQZ_1IaEK7Je4WFE/getUpdates "HTTP/1.1 200 OK"
2025-05-04 01:28:51,744 - INFO - HTTP Request: POST https://api.telegram.org/bot8038925716:AAFVN9VPHztw7vJikCBFQZ_1IaEK7Je4WFE/sendMessage "HTTP/1.1 200 OK"
2025-05-04 01:28:52,937 - INFO - HTTP Request: POST https://api.telegram.org/bot8038925716:AAFVN9VPHztw7vJikCBFQZ_1IaEK7Je4WFE/getUpdates "HTTP/1.1 200 OK"
2025-05-04 01:28:53,028 - INFO - HTTP Request: POST https://api.telegram.org/bot8038925716:AAFVN9VPHztw7vJikCBFQZ_1IaEK7Je4WFE/sendMessage "HTTP/1.1 200 OK"
2025-05-04 01:28:55,337 - INFO - HTTP Request: POST https://api.telegram.org/bot8038925716:AAFVN9VPHztw7vJikCBFQZ_1IaEK7Je4WFE/getUpdates "HTTP/1.1 200 OK"
2025-05-04 01:28:55,474 - INFO - HTTP Request: POST https://api.telegram.org/bot8038925716:AAFVN9VPHztw7vJikCBFQZ_1IaEK7Je4WFE/sendMessage "HTTP/1.1 200 OK"
2025-05-04 01:28:56,354 - INFO - HTTP Request: POST https://api.telegram.org/bot8038925716:AAFVN9VPHztw7vJikCBFQZ_1IaEK7Je4WFE/sendMessage "HTTP/1.1 200 OK"
2025-05-04 01:29:05,421 - INFO - HTTP Request: POST https://api.telegram.org/bot8038925716:AAFVN9VPHztw7vJikCBFQZ_1IaEK7Je4WFE/getUpdates "HTTP/1.1 200 OK"
2025-05-04 01:29:15,505 - INFO - HTTP Request: POST https://api.telegram.org/bot8038925716:AAFVN9VPHztw7vJikCBFQZ_1IaEK7Je4WFE/getUpdates "HTTP/1.1 200 OK"
2025-05-04 01:29:25,592 - INFO - HTTP Request: POST https://api.telegram.org/bot8038925716:AAFVN9VPHztw7vJikCBFQZ_1IaEK7Je4WFE/getUpdates "HTTP/1.1 200 OK"
2025-05-04 01:29:35,676 - INFO - HTTP Request: POST https://api.telegram.org/bot8038925716:AAFVN9VPHztw7vJikCBFQZ_1IaEK7Je4WFE/getUpdates "HTTP/1.1 200 OK"
2025-05-04 01:29:45,816 - INFO - HTTP Request: POST https://api.telegram.org/bot8038925716:AAFVN9VPHztw7vJikCBFQZ_1IaEK7Je4WFE/getUpdates "HTTP/1.1 200 OK"
2025-05-04 01:29:55,932 - INFO - HTTP Request: POST https://api.telegram.org/bot8038925716:AAFVN9VPHztw7vJikCBFQZ_1IaEK7Je4WFE/getUpdates "HTTP/1.1 200 OK"
2025-05-04 01:30:06,015 - INFO - HTTP Request: POST https://api.telegram.org/bot8038925716:AAFVN9VPHztw7vJikCBFQZ_1IaEK7Je4WFE/getUpdates "HTTP/1.1 200 OK"
2025-05-04 01:30:16,099 - INFO - HTTP Request: POST https://api.telegram.org/bot8038925716:AAFVN9VPHztw7vJikCBFQZ_1IaEK7Je4WFE/getUpdates "HTTP/1.1 200 OK"
2025-05-04 01:30:26,182 - INFO - HTTP Request: POST https://api.telegram.org/bot8038925716:AAFVN9VPHztw7vJikCBFQZ_1IaEK7Je4WFE/getUpdates "HTTP/1.1 200 OK"
2025-05-04 01:30:36,266 - INFO - HTTP Request: POST https://api.telegram.org/bot8038925716:AAFVN9VPHztw7vJikCBFQZ_1IaEK7Je4WFE/getUpdates "HTTP/1.1 200 OK"
2025-05-04 01:30:46,350 - INFO - HTTP Request: POST https://api.telegram.org/bot8038925716:AAFVN9VPHztw7vJikCBFQZ_1IaEK7Je4WFE/getUpdates "HTTP/1.1 200 OK"
2025-05-04 01:30:56,435 - INFO - HTTP Request: POST https://api.telegram.org/bot8038925716:AAFVN9VPHztw7vJikCBFQZ_1IaEK7Je4WFE/getUpdates "HTTP/1.1 200 OK"
2025-05-04 01:31:06,520 - INFO - HTTP Request: POST https://api.telegram.org/bot8038925716:AAFVN9VPHztw7vJikCBFQZ_1IaEK7Je4WFE/getUpdates "HTTP/1.1 200 OK"
2025-05-04 01:36:02,767 - ‼ Uncaught exception:
Traceback (most recent call last):
  File "C:\Users\gimna\AppData\Local\Programs\Python\Python313\Lib\site-packages\httpx\_transports\default.py", line 101, in map_httpcore_exceptions
    yield
  File "C:\Users\gimna\AppData\Local\Programs\Python\Python313\Lib\site-packages\httpx\_transports\default.py", line 394, in handle_async_request
    resp = await self._pool.handle_async_request(req)
           ^^^^^^^^^^^^^^^^^^^^^^^^^^^^^^^^^^^^^^^^^^
  File "C:\Users\gimna\AppData\Local\Programs\Python\Python313\Lib\site-packages\httpcore\_async\connection_pool.py", line 256, in handle_async_request
    raise exc from None
  File "C:\Users\gimna\AppData\Local\Programs\Python\Python313\Lib\site-packages\httpcore\_async\connection_pool.py", line 236, in handle_async_request
    response = await connection.handle_async_request(
               ^^^^^^^^^^^^^^^^^^^^^^^^^^^^^^^^^^^^^^
        pool_request.request
        ^^^^^^^^^^^^^^^^^^^^
    )
    ^
  File "C:\Users\gimna\AppData\Local\Programs\Python\Python313\Lib\site-packages\httpcore\_async\connection.py", line 103, in handle_async_request
    return await self._connection.handle_async_request(request)
           ^^^^^^^^^^^^^^^^^^^^^^^^^^^^^^^^^^^^^^^^^^^^^^^^^^^^
  File "C:\Users\gimna\AppData\Local\Programs\Python\Python313\Lib\site-packages\httpcore\_async\http11.py", line 136, in handle_async_request
    raise exc
  File "C:\Users\gimna\AppData\Local\Programs\Python\Python313\Lib\site-packages\httpcore\_async\http11.py", line 106, in handle_async_request
    ) = await self._receive_response_headers(**kwargs)
        ^^^^^^^^^^^^^^^^^^^^^^^^^^^^^^^^^^^^^^^^^^^^^^
  File "C:\Users\gimna\AppData\Local\Programs\Python\Python313\Lib\site-packages\httpcore\_async\http11.py", line 177, in _receive_response_headers
    event = await self._receive_event(timeout=timeout)
            ^^^^^^^^^^^^^^^^^^^^^^^^^^^^^^^^^^^^^^^^^^
  File "C:\Users\gimna\AppData\Local\Programs\Python\Python313\Lib\site-packages\httpcore\_async\http11.py", line 217, in _receive_event
    data = await self._network_stream.read(
           ^^^^^^^^^^^^^^^^^^^^^^^^^^^^^^^^
        self.READ_NUM_BYTES, timeout=timeout
        ^^^^^^^^^^^^^^^^^^^^^^^^^^^^^^^^^^^^
    )
    ^
  File "C:\Users\gimna\AppData\Local\Programs\Python\Python313\Lib\site-packages\httpcore\_backends\anyio.py", line 32, in read
    with map_exceptions(exc_map):
         ~~~~~~~~~~~~~~^^^^^^^^^
  File "C:\Users\gimna\AppData\Local\Programs\Python\Python313\Lib\contextlib.py", line 162, in __exit__
    self.gen.throw(value)
    ~~~~~~~~~~~~~~^^^^^^^
  File "C:\Users\gimna\AppData\Local\Programs\Python\Python313\Lib\site-packages\httpcore\_exceptions.py", line 14, in map_exceptions
    raise to_exc(exc) from exc
httpcore.ReadError

The above exception was the direct cause of the following exception:

Traceback (most recent call last):
  File "C:\Users\gimna\AppData\Local\Programs\Python\Python313\Lib\site-packages\telegram\request\_httpxrequest.py", line 293, in do_request
    res = await self._client.request(
          ^^^^^^^^^^^^^^^^^^^^^^^^^^^
    ...<6 lines>...
    )
    ^
  File "C:\Users\gimna\AppData\Local\Programs\Python\Python313\Lib\site-packages\httpx\_client.py", line 1540, in request
    return await self.send(request, auth=auth, follow_redirects=follow_redirects)
           ^^^^^^^^^^^^^^^^^^^^^^^^^^^^^^^^^^^^^^^^^^^^^^^^^^^^^^^^^^^^^^^^^^^^^^
  File "C:\Users\gimna\AppData\Local\Programs\Python\Python313\Lib\site-packages\httpx\_client.py", line 1629, in send
    response = await self._send_handling_auth(
               ^^^^^^^^^^^^^^^^^^^^^^^^^^^^^^^
    ...<4 lines>...
    )
    ^
  File "C:\Users\gimna\AppData\Local\Programs\Python\Python313\Lib\site-packages\httpx\_client.py", line 1657, in _send_handling_auth
    response = await self._send_handling_redirects(
               ^^^^^^^^^^^^^^^^^^^^^^^^^^^^^^^^^^^^
    ...<3 lines>...
    )
    ^
  File "C:\Users\gimna\AppData\Local\Programs\Python\Python313\Lib\site-packages\httpx\_client.py", line 1694, in _send_handling_redirects
    response = await self._send_single_request(request)
               ^^^^^^^^^^^^^^^^^^^^^^^^^^^^^^^^^^^^^^^^
  File "C:\Users\gimna\AppData\Local\Programs\Python\Python313\Lib\site-packages\httpx\_client.py", line 1730, in _send_single_request
    response = await transport.handle_async_request(request)
               ^^^^^^^^^^^^^^^^^^^^^^^^^^^^^^^^^^^^^^^^^^^^^
  File "C:\Users\gimna\AppData\Local\Programs\Python\Python313\Lib\site-packages\httpx\_transports\default.py", line 393, in handle_async_request
    with map_httpcore_exceptions():
         ~~~~~~~~~~~~~~~~~~~~~~~^^
  File "C:\Users\gimna\AppData\Local\Programs\Python\Python313\Lib\contextlib.py", line 162, in __exit__
    self.gen.throw(value)
    ~~~~~~~~~~~~~~^^^^^^^
  File "C:\Users\gimna\AppData\Local\Programs\Python\Python313\Lib\site-packages\httpx\_transports\default.py", line 118, in map_httpcore_exceptions
    raise mapped_exc(message) from exc
httpx.ReadError

The above exception was the direct cause of the following exception:

Traceback (most recent call last):
  File "C:\Users\gimna\AppData\Local\Programs\Python\Python313\Lib\site-packages\telegram\ext\_utils\networkloop.py", line 115, in network_retry_loop
    if not await do_action():
           ^^^^^^^^^^^^^^^^^
  File "C:\Users\gimna\AppData\Local\Programs\Python\Python313\Lib\site-packages\telegram\ext\_utils\networkloop.py", line 108, in do_action
    return action_cb_task.result()
           ~~~~~~~~~~~~~~~~~~~~~^^
  File "C:\Users\gimna\AppData\Local\Programs\Python\Python313\Lib\site-packages\telegram\ext\_updater.py", line 376, in polling_action_cb
    updates = await self.bot.get_updates(
              ^^^^^^^^^^^^^^^^^^^^^^^^^^^
    ...<7 lines>...
    )
    ^
  File "C:\Users\gimna\AppData\Local\Programs\Python\Python313\Lib\site-packages\telegram\ext\_extbot.py", line 658, in get_updates
    updates = await super().get_updates(
              ^^^^^^^^^^^^^^^^^^^^^^^^^^
    ...<9 lines>...
    )
    ^
  File "C:\Users\gimna\AppData\Local\Programs\Python\Python313\Lib\site-packages\telegram\_bot.py", line 4605, in get_updates
    await self._post(
    ^^^^^^^^^^^^^^^^^
    ...<7 lines>...
    ),
    ^
  File "C:\Users\gimna\AppData\Local\Programs\Python\Python313\Lib\site-packages\telegram\_bot.py", line 691, in _post
    return await self._do_post(
           ^^^^^^^^^^^^^^^^^^^^
    ...<6 lines>...
    )
    ^
  File "C:\Users\gimna\AppData\Local\Programs\Python\Python313\Lib\site-packages\telegram\ext\_extbot.py", line 362, in _do_post
    return await super()._do_post(
           ^^^^^^^^^^^^^^^^^^^^^^^
    ...<6 lines>...
    )
    ^
  File "C:\Users\gimna\AppData\Local\Programs\Python\Python313\Lib\site-packages\telegram\_bot.py", line 720, in _do_post
    result = await request.post(
             ^^^^^^^^^^^^^^^^^^^
    ...<6 lines>...
    )
    ^
  File "C:\Users\gimna\AppData\Local\Programs\Python\Python313\Lib\site-packages\telegram\request\_baserequest.py", line 202, in post
    result = await self._request_wrapper(
             ^^^^^^^^^^^^^^^^^^^^^^^^^^^^
    ...<7 lines>...
    )
    ^
  File "C:\Users\gimna\AppData\Local\Programs\Python\Python313\Lib\site-packages\telegram\request\_baserequest.py", line 334, in _request_wrapper
    code, payload = await self.do_request(
                    ^^^^^^^^^^^^^^^^^^^^^^
    ...<7 lines>...
    )
    ^
  File "C:\Users\gimna\AppData\Local\Programs\Python\Python313\Lib\site-packages\telegram\request\_httpxrequest.py", line 317, in do_request
    raise NetworkError(f"httpx.{err.__class__.__name__}: {err}") from err
telegram.error.NetworkError: httpx.ReadError: 

