2025-05-04 01:49:01,860 - {"inn": "7728878481", "foundation_year": 2014, "status": "Ликвидировано", "capital": 10000.0, "main_okved": "52.29", "employee_count": 0, "latest_income": 0.0, "latest_profitability": 0.0, "total_debt": 0.0, "prediction": 0}
2025-05-04 01:50:28,665 - {"inn": "5190134672", "foundation_year": 2005, "status": "Действующее", "capital": 10000.0, "main_okved": "55.10", "employee_count": 42, "latest_income": 0.0, "latest_profitability": 0.0, "total_debt": 0.0, "prediction": 0}
2025-05-04 02:07:03,317 - INFO - HTTP Request: POST https://api.telegram.org/bot8038925716:AAFVN9VPHztw7vJikCBFQZ_1IaEK7Je4WFE/getMe "HTTP/1.1 200 OK"
2025-05-04 02:07:03,381 - INFO - HTTP Request: POST https://api.telegram.org/bot8038925716:AAFVN9VPHztw7vJikCBFQZ_1IaEK7Je4WFE/deleteWebhook "HTTP/1.1 200 OK"
2025-05-04 02:07:03,383 - INFO - Application started
2025-05-04 02:07:05,950 - INFO - HTTP Request: POST https://api.telegram.org/bot8038925716:AAFVN9VPHztw7vJikCBFQZ_1IaEK7Je4WFE/getUpdates "HTTP/1.1 200 OK"
2025-05-04 02:07:06,029 - INFO - HTTP Request: POST https://api.telegram.org/bot8038925716:AAFVN9VPHztw7vJikCBFQZ_1IaEK7Je4WFE/sendMessage "HTTP/1.1 200 OK"
2025-05-04 02:07:07,820 - INFO - HTTP Request: POST https://api.telegram.org/bot8038925716:AAFVN9VPHztw7vJikCBFQZ_1IaEK7Je4WFE/getUpdates "HTTP/1.1 200 OK"
2025-05-04 02:07:07,903 - INFO - HTTP Request: POST https://api.telegram.org/bot8038925716:AAFVN9VPHztw7vJikCBFQZ_1IaEK7Je4WFE/sendMessage "HTTP/1.1 200 OK"
2025-05-04 02:07:09,026 - INFO - HTTP Request: POST https://api.telegram.org/bot8038925716:AAFVN9VPHztw7vJikCBFQZ_1IaEK7Je4WFE/getUpdates "HTTP/1.1 200 OK"
2025-05-04 02:07:09,106 - INFO - HTTP Request: POST https://api.telegram.org/bot8038925716:AAFVN9VPHztw7vJikCBFQZ_1IaEK7Je4WFE/sendMessage "HTTP/1.1 200 OK"
2025-05-04 02:07:10,510 - INFO - HTTP Request: POST https://api.telegram.org/bot8038925716:AAFVN9VPHztw7vJikCBFQZ_1IaEK7Je4WFE/getUpdates "HTTP/1.1 200 OK"
2025-05-04 02:07:10,593 - INFO - HTTP Request: POST https://api.telegram.org/bot8038925716:AAFVN9VPHztw7vJikCBFQZ_1IaEK7Je4WFE/sendMessage "HTTP/1.1 200 OK"
2025-05-04 02:07:11,346 - INFO - HTTP Request: POST https://api.telegram.org/bot8038925716:AAFVN9VPHztw7vJikCBFQZ_1IaEK7Je4WFE/sendMessage "HTTP/1.1 200 OK"
2025-05-04 02:07:20,596 - INFO - HTTP Request: POST https://api.telegram.org/bot8038925716:AAFVN9VPHztw7vJikCBFQZ_1IaEK7Je4WFE/getUpdates "HTTP/1.1 200 OK"
2025-05-04 02:07:30,682 - INFO - HTTP Request: POST https://api.telegram.org/bot8038925716:AAFVN9VPHztw7vJikCBFQZ_1IaEK7Je4WFE/getUpdates "HTTP/1.1 200 OK"
2025-05-04 02:07:36,531 - INFO - HTTP Request: POST https://api.telegram.org/bot8038925716:AAFVN9VPHztw7vJikCBFQZ_1IaEK7Je4WFE/getUpdates "HTTP/1.1 200 OK"
2025-05-04 02:07:36,986 - INFO - HTTP Request: POST https://api.telegram.org/bot8038925716:AAFVN9VPHztw7vJikCBFQZ_1IaEK7Je4WFE/sendMessage "HTTP/1.1 200 OK"
2025-05-04 02:07:38,876 - INFO - HTTP Request: POST https://api.telegram.org/bot8038925716:AAFVN9VPHztw7vJikCBFQZ_1IaEK7Je4WFE/getUpdates "HTTP/1.1 200 OK"
2025-05-04 02:07:38,985 - INFO - HTTP Request: POST https://api.telegram.org/bot8038925716:AAFVN9VPHztw7vJikCBFQZ_1IaEK7Je4WFE/sendMessage "HTTP/1.1 200 OK"
2025-05-04 02:07:39,585 - INFO - {"inn": "5190134672", "foundation_year": 2005, "status": "Действующее", "capital": 10000.0, "main_okved": "55.10", "employee_count": 42, "latest_income": 0.0, "latest_profitability": 0.0, "total_debt": 0.0, "prediction": 0}
2025-05-04 02:07:39,697 - INFO - HTTP Request: POST https://api.telegram.org/bot8038925716:AAFVN9VPHztw7vJikCBFQZ_1IaEK7Je4WFE/sendMessage "HTTP/1.1 200 OK"
2025-05-04 02:07:48,962 - INFO - HTTP Request: POST https://api.telegram.org/bot8038925716:AAFVN9VPHztw7vJikCBFQZ_1IaEK7Je4WFE/getUpdates "HTTP/1.1 200 OK"
2025-05-04 02:07:59,047 - INFO - HTTP Request: POST https://api.telegram.org/bot8038925716:AAFVN9VPHztw7vJikCBFQZ_1IaEK7Je4WFE/getUpdates "HTTP/1.1 200 OK"
2025-05-04 02:08:09,132 - INFO - HTTP Request: POST https://api.telegram.org/bot8038925716:AAFVN9VPHztw7vJikCBFQZ_1IaEK7Je4WFE/getUpdates "HTTP/1.1 200 OK"
2025-05-04 02:08:19,216 - INFO - HTTP Request: POST https://api.telegram.org/bot8038925716:AAFVN9VPHztw7vJikCBFQZ_1IaEK7Je4WFE/getUpdates "HTTP/1.1 200 OK"
2025-05-04 02:08:29,301 - INFO - HTTP Request: POST https://api.telegram.org/bot8038925716:AAFVN9VPHztw7vJikCBFQZ_1IaEK7Je4WFE/getUpdates "HTTP/1.1 200 OK"
2025-05-04 02:08:39,387 - INFO - HTTP Request: POST https://api.telegram.org/bot8038925716:AAFVN9VPHztw7vJikCBFQZ_1IaEK7Je4WFE/getUpdates "HTTP/1.1 200 OK"
2025-05-04 02:08:49,474 - INFO - HTTP Request: POST https://api.telegram.org/bot8038925716:AAFVN9VPHztw7vJikCBFQZ_1IaEK7Je4WFE/getUpdates "HTTP/1.1 200 OK"
2025-05-04 02:08:59,563 - INFO - HTTP Request: POST https://api.telegram.org/bot8038925716:AAFVN9VPHztw7vJikCBFQZ_1IaEK7Je4WFE/getUpdates "HTTP/1.1 200 OK"
2025-05-04 02:09:09,659 - INFO - HTTP Request: POST https://api.telegram.org/bot8038925716:AAFVN9VPHztw7vJikCBFQZ_1IaEK7Je4WFE/getUpdates "HTTP/1.1 200 OK"
2025-05-04 02:09:19,744 - INFO - HTTP Request: POST https://api.telegram.org/bot8038925716:AAFVN9VPHztw7vJikCBFQZ_1IaEK7Je4WFE/getUpdates "HTTP/1.1 200 OK"
2025-05-04 02:09:29,829 - INFO - HTTP Request: POST https://api.telegram.org/bot8038925716:AAFVN9VPHztw7vJikCBFQZ_1IaEK7Je4WFE/getUpdates "HTTP/1.1 200 OK"
2025-05-04 02:09:39,913 - INFO - HTTP Request: POST https://api.telegram.org/bot8038925716:AAFVN9VPHztw7vJikCBFQZ_1IaEK7Je4WFE/getUpdates "HTTP/1.1 200 OK"
2025-05-04 02:09:49,998 - INFO - HTTP Request: POST https://api.telegram.org/bot8038925716:AAFVN9VPHztw7vJikCBFQZ_1IaEK7Je4WFE/getUpdates "HTTP/1.1 200 OK"
2025-05-04 02:10:00,081 - INFO - HTTP Request: POST https://api.telegram.org/bot8038925716:AAFVN9VPHztw7vJikCBFQZ_1IaEK7Je4WFE/getUpdates "HTTP/1.1 200 OK"
2025-05-04 02:10:10,167 - INFO - HTTP Request: POST https://api.telegram.org/bot8038925716:AAFVN9VPHztw7vJikCBFQZ_1IaEK7Je4WFE/getUpdates "HTTP/1.1 200 OK"
2025-05-04 02:10:20,252 - INFO - HTTP Request: POST https://api.telegram.org/bot8038925716:AAFVN9VPHztw7vJikCBFQZ_1IaEK7Je4WFE/getUpdates "HTTP/1.1 200 OK"
2025-05-04 02:14:02,856 - INFO - HTTP Request: POST https://api.telegram.org/bot8038925716:AAFVN9VPHztw7vJikCBFQZ_1IaEK7Je4WFE/getMe "HTTP/1.1 200 OK"
2025-05-04 02:14:02,922 - INFO - HTTP Request: POST https://api.telegram.org/bot8038925716:AAFVN9VPHztw7vJikCBFQZ_1IaEK7Je4WFE/deleteWebhook "HTTP/1.1 200 OK"
2025-05-04 02:14:02,924 - INFO - Application started
2025-05-04 02:14:04,916 - INFO - HTTP Request: POST https://api.telegram.org/bot8038925716:AAFVN9VPHztw7vJikCBFQZ_1IaEK7Je4WFE/getUpdates "HTTP/1.1 200 OK"
2025-05-04 02:14:05,001 - INFO - HTTP Request: POST https://api.telegram.org/bot8038925716:AAFVN9VPHztw7vJikCBFQZ_1IaEK7Je4WFE/sendMessage "HTTP/1.1 200 OK"
2025-05-04 02:14:06,013 - INFO - HTTP Request: POST https://api.telegram.org/bot8038925716:AAFVN9VPHztw7vJikCBFQZ_1IaEK7Je4WFE/getUpdates "HTTP/1.1 200 OK"
2025-05-04 02:14:06,097 - INFO - HTTP Request: POST https://api.telegram.org/bot8038925716:AAFVN9VPHztw7vJikCBFQZ_1IaEK7Je4WFE/sendMessage "HTTP/1.1 200 OK"
2025-05-04 02:14:07,711 - INFO - HTTP Request: POST https://api.telegram.org/bot8038925716:AAFVN9VPHztw7vJikCBFQZ_1IaEK7Je4WFE/getUpdates "HTTP/1.1 200 OK"
2025-05-04 02:14:07,795 - INFO - HTTP Request: POST https://api.telegram.org/bot8038925716:AAFVN9VPHztw7vJikCBFQZ_1IaEK7Je4WFE/sendMessage "HTTP/1.1 200 OK"
2025-05-04 02:14:09,533 - INFO - HTTP Request: POST https://api.telegram.org/bot8038925716:AAFVN9VPHztw7vJikCBFQZ_1IaEK7Je4WFE/getUpdates "HTTP/1.1 200 OK"
2025-05-04 02:14:09,618 - INFO - HTTP Request: POST https://api.telegram.org/bot8038925716:AAFVN9VPHztw7vJikCBFQZ_1IaEK7Je4WFE/sendMessage "HTTP/1.1 200 OK"
2025-05-04 02:14:10,157 - INFO - {"inn": "5190134672", "foundation_year": 2005, "status": "Действующее", "capital": 10000.0, "main_okved": "55.10", "employee_count": 42, "latest_income": 0.0, "latest_profitability": 0.0, "total_debt": 0.0, "prediction": 0}
2025-05-04 02:14:10,243 - INFO - HTTP Request: POST https://api.telegram.org/bot8038925716:AAFVN9VPHztw7vJikCBFQZ_1IaEK7Je4WFE/sendMessage "HTTP/1.1 200 OK"
2025-05-04 02:14:19,602 - INFO - HTTP Request: POST https://api.telegram.org/bot8038925716:AAFVN9VPHztw7vJikCBFQZ_1IaEK7Je4WFE/getUpdates "HTTP/1.1 200 OK"
2025-05-04 02:14:29,669 - INFO - HTTP Request: POST https://api.telegram.org/bot8038925716:AAFVN9VPHztw7vJikCBFQZ_1IaEK7Je4WFE/getUpdates "HTTP/1.1 200 OK"
2025-05-04 02:14:39,744 - INFO - HTTP Request: POST https://api.telegram.org/bot8038925716:AAFVN9VPHztw7vJikCBFQZ_1IaEK7Je4WFE/getUpdates "HTTP/1.1 200 OK"
2025-05-04 02:14:49,813 - INFO - HTTP Request: POST https://api.telegram.org/bot8038925716:AAFVN9VPHztw7vJikCBFQZ_1IaEK7Je4WFE/getUpdates "HTTP/1.1 200 OK"
2025-05-04 02:14:59,925 - INFO - HTTP Request: POST https://api.telegram.org/bot8038925716:AAFVN9VPHztw7vJikCBFQZ_1IaEK7Je4WFE/getUpdates "HTTP/1.1 200 OK"
2025-05-04 02:15:09,993 - INFO - HTTP Request: POST https://api.telegram.org/bot8038925716:AAFVN9VPHztw7vJikCBFQZ_1IaEK7Je4WFE/getUpdates "HTTP/1.1 200 OK"
2025-05-04 02:15:20,062 - INFO - HTTP Request: POST https://api.telegram.org/bot8038925716:AAFVN9VPHztw7vJikCBFQZ_1IaEK7Je4WFE/getUpdates "HTTP/1.1 200 OK"
2025-05-04 02:15:30,136 - INFO - HTTP Request: POST https://api.telegram.org/bot8038925716:AAFVN9VPHztw7vJikCBFQZ_1IaEK7Je4WFE/getUpdates "HTTP/1.1 200 OK"
2025-05-04 02:15:40,203 - INFO - HTTP Request: POST https://api.telegram.org/bot8038925716:AAFVN9VPHztw7vJikCBFQZ_1IaEK7Je4WFE/getUpdates "HTTP/1.1 200 OK"
2025-05-04 02:15:50,271 - INFO - HTTP Request: POST https://api.telegram.org/bot8038925716:AAFVN9VPHztw7vJikCBFQZ_1IaEK7Je4WFE/getUpdates "HTTP/1.1 200 OK"
2025-05-04 02:16:00,339 - INFO - HTTP Request: POST https://api.telegram.org/bot8038925716:AAFVN9VPHztw7vJikCBFQZ_1IaEK7Je4WFE/getUpdates "HTTP/1.1 200 OK"
2025-05-04 02:16:10,406 - INFO - HTTP Request: POST https://api.telegram.org/bot8038925716:AAFVN9VPHztw7vJikCBFQZ_1IaEK7Je4WFE/getUpdates "HTTP/1.1 200 OK"
2025-05-04 02:16:20,477 - INFO - HTTP Request: POST https://api.telegram.org/bot8038925716:AAFVN9VPHztw7vJikCBFQZ_1IaEK7Je4WFE/getUpdates "HTTP/1.1 200 OK"
2025-05-04 02:16:30,544 - INFO - HTTP Request: POST https://api.telegram.org/bot8038925716:AAFVN9VPHztw7vJikCBFQZ_1IaEK7Je4WFE/getUpdates "HTTP/1.1 200 OK"
2025-05-04 02:16:48,658 - INFO - HTTP Request: POST https://api.telegram.org/bot8038925716:AAFVN9VPHztw7vJikCBFQZ_1IaEK7Je4WFE/getMe "HTTP/1.1 200 OK"
2025-05-04 02:16:48,745 - INFO - HTTP Request: POST https://api.telegram.org/bot8038925716:AAFVN9VPHztw7vJikCBFQZ_1IaEK7Je4WFE/deleteWebhook "HTTP/1.1 200 OK"
2025-05-04 02:16:48,747 - INFO - Application started
2025-05-04 02:16:49,921 - INFO - HTTP Request: POST https://api.telegram.org/bot8038925716:AAFVN9VPHztw7vJikCBFQZ_1IaEK7Je4WFE/getUpdates "HTTP/1.1 200 OK"
2025-05-04 02:16:50,024 - INFO - HTTP Request: POST https://api.telegram.org/bot8038925716:AAFVN9VPHztw7vJikCBFQZ_1IaEK7Je4WFE/sendMessage "HTTP/1.1 200 OK"
2025-05-04 02:16:50,934 - INFO - HTTP Request: POST https://api.telegram.org/bot8038925716:AAFVN9VPHztw7vJikCBFQZ_1IaEK7Je4WFE/getUpdates "HTTP/1.1 200 OK"
2025-05-04 02:16:51,037 - INFO - HTTP Request: POST https://api.telegram.org/bot8038925716:AAFVN9VPHztw7vJikCBFQZ_1IaEK7Je4WFE/sendMessage "HTTP/1.1 200 OK"
2025-05-04 02:16:51,749 - INFO - HTTP Request: POST https://api.telegram.org/bot8038925716:AAFVN9VPHztw7vJikCBFQZ_1IaEK7Je4WFE/getUpdates "HTTP/1.1 200 OK"
2025-05-04 02:16:51,949 - INFO - HTTP Request: POST https://api.telegram.org/bot8038925716:AAFVN9VPHztw7vJikCBFQZ_1IaEK7Je4WFE/sendMessage "HTTP/1.1 200 OK"
2025-05-04 02:16:53,800 - INFO - HTTP Request: POST https://api.telegram.org/bot8038925716:AAFVN9VPHztw7vJikCBFQZ_1IaEK7Je4WFE/getUpdates "HTTP/1.1 200 OK"
2025-05-04 02:16:53,933 - INFO - HTTP Request: POST https://api.telegram.org/bot8038925716:AAFVN9VPHztw7vJikCBFQZ_1IaEK7Je4WFE/sendMessage "HTTP/1.1 200 OK"
2025-05-04 02:16:54,493 - INFO - {"inn": "5190134672", "foundation_year": 2005, "status": "Действующее", "capital": 10000.0, "main_okved": "55.10", "employee_count": 42, "latest_income": 0.0, "latest_profitability": 0.0, "total_debt": 0.0, "prediction": 0}
2025-05-04 02:16:54,599 - INFO - HTTP Request: POST https://api.telegram.org/bot8038925716:AAFVN9VPHztw7vJikCBFQZ_1IaEK7Je4WFE/sendMessage "HTTP/1.1 200 OK"
2025-05-04 02:17:03,928 - INFO - HTTP Request: POST https://api.telegram.org/bot8038925716:AAFVN9VPHztw7vJikCBFQZ_1IaEK7Je4WFE/getUpdates "HTTP/1.1 200 OK"
2025-05-04 02:17:14,028 - INFO - HTTP Request: POST https://api.telegram.org/bot8038925716:AAFVN9VPHztw7vJikCBFQZ_1IaEK7Je4WFE/getUpdates "HTTP/1.1 200 OK"
2025-05-04 02:17:24,119 - INFO - HTTP Request: POST https://api.telegram.org/bot8038925716:AAFVN9VPHztw7vJikCBFQZ_1IaEK7Je4WFE/getUpdates "HTTP/1.1 200 OK"
2025-05-04 02:17:34,212 - INFO - HTTP Request: POST https://api.telegram.org/bot8038925716:AAFVN9VPHztw7vJikCBFQZ_1IaEK7Je4WFE/getUpdates "HTTP/1.1 200 OK"
2025-05-04 02:17:44,349 - INFO - HTTP Request: POST https://api.telegram.org/bot8038925716:AAFVN9VPHztw7vJikCBFQZ_1IaEK7Je4WFE/getUpdates "HTTP/1.1 200 OK"
2025-05-04 02:17:54,441 - INFO - HTTP Request: POST https://api.telegram.org/bot8038925716:AAFVN9VPHztw7vJikCBFQZ_1IaEK7Je4WFE/getUpdates "HTTP/1.1 200 OK"
2025-05-04 02:18:04,533 - INFO - HTTP Request: POST https://api.telegram.org/bot8038925716:AAFVN9VPHztw7vJikCBFQZ_1IaEK7Je4WFE/getUpdates "HTTP/1.1 200 OK"
2025-05-04 02:18:14,627 - INFO - HTTP Request: POST https://api.telegram.org/bot8038925716:AAFVN9VPHztw7vJikCBFQZ_1IaEK7Je4WFE/getUpdates "HTTP/1.1 200 OK"
2025-05-04 02:18:24,718 - INFO - HTTP Request: POST https://api.telegram.org/bot8038925716:AAFVN9VPHztw7vJikCBFQZ_1IaEK7Je4WFE/getUpdates "HTTP/1.1 200 OK"
2025-05-04 02:18:34,814 - INFO - HTTP Request: POST https://api.telegram.org/bot8038925716:AAFVN9VPHztw7vJikCBFQZ_1IaEK7Je4WFE/getUpdates "HTTP/1.1 200 OK"
2025-05-04 02:18:44,908 - INFO - HTTP Request: POST https://api.telegram.org/bot8038925716:AAFVN9VPHztw7vJikCBFQZ_1IaEK7Je4WFE/getUpdates "HTTP/1.1 200 OK"
2025-05-04 02:18:54,999 - INFO - HTTP Request: POST https://api.telegram.org/bot8038925716:AAFVN9VPHztw7vJikCBFQZ_1IaEK7Je4WFE/getUpdates "HTTP/1.1 200 OK"
2025-05-04 02:19:05,092 - INFO - HTTP Request: POST https://api.telegram.org/bot8038925716:AAFVN9VPHztw7vJikCBFQZ_1IaEK7Je4WFE/getUpdates "HTTP/1.1 200 OK"
2025-05-04 02:19:15,185 - INFO - HTTP Request: POST https://api.telegram.org/bot8038925716:AAFVN9VPHztw7vJikCBFQZ_1IaEK7Je4WFE/getUpdates "HTTP/1.1 200 OK"
2025-05-04 02:19:25,276 - INFO - HTTP Request: POST https://api.telegram.org/bot8038925716:AAFVN9VPHztw7vJikCBFQZ_1IaEK7Je4WFE/getUpdates "HTTP/1.1 200 OK"
2025-05-04 02:19:35,371 - INFO - HTTP Request: POST https://api.telegram.org/bot8038925716:AAFVN9VPHztw7vJikCBFQZ_1IaEK7Je4WFE/getUpdates "HTTP/1.1 200 OK"
2025-05-04 02:19:45,461 - INFO - HTTP Request: POST https://api.telegram.org/bot8038925716:AAFVN9VPHztw7vJikCBFQZ_1IaEK7Je4WFE/getUpdates "HTTP/1.1 200 OK"
2025-05-04 02:19:55,552 - INFO - HTTP Request: POST https://api.telegram.org/bot8038925716:AAFVN9VPHztw7vJikCBFQZ_1IaEK7Je4WFE/getUpdates "HTTP/1.1 200 OK"
2025-05-04 02:20:05,642 - INFO - HTTP Request: POST https://api.telegram.org/bot8038925716:AAFVN9VPHztw7vJikCBFQZ_1IaEK7Je4WFE/getUpdates "HTTP/1.1 200 OK"
2025-05-04 02:20:15,735 - INFO - HTTP Request: POST https://api.telegram.org/bot8038925716:AAFVN9VPHztw7vJikCBFQZ_1IaEK7Je4WFE/getUpdates "HTTP/1.1 200 OK"
2025-05-04 02:20:25,837 - INFO - HTTP Request: POST https://api.telegram.org/bot8038925716:AAFVN9VPHztw7vJikCBFQZ_1IaEK7Je4WFE/getUpdates "HTTP/1.1 200 OK"
2025-05-04 02:20:35,935 - INFO - HTTP Request: POST https://api.telegram.org/bot8038925716:AAFVN9VPHztw7vJikCBFQZ_1IaEK7Je4WFE/getUpdates "HTTP/1.1 200 OK"
2025-05-04 02:20:46,027 - INFO - HTTP Request: POST https://api.telegram.org/bot8038925716:AAFVN9VPHztw7vJikCBFQZ_1IaEK7Je4WFE/getUpdates "HTTP/1.1 200 OK"
2025-05-04 02:20:56,117 - INFO - HTTP Request: POST https://api.telegram.org/bot8038925716:AAFVN9VPHztw7vJikCBFQZ_1IaEK7Je4WFE/getUpdates "HTTP/1.1 200 OK"
2025-05-04 02:21:06,210 - INFO - HTTP Request: POST https://api.telegram.org/bot8038925716:AAFVN9VPHztw7vJikCBFQZ_1IaEK7Je4WFE/getUpdates "HTTP/1.1 200 OK"
2025-05-04 02:21:16,301 - INFO - HTTP Request: POST https://api.telegram.org/bot8038925716:AAFVN9VPHztw7vJikCBFQZ_1IaEK7Je4WFE/getUpdates "HTTP/1.1 200 OK"
2025-05-04 02:21:26,393 - INFO - HTTP Request: POST https://api.telegram.org/bot8038925716:AAFVN9VPHztw7vJikCBFQZ_1IaEK7Je4WFE/getUpdates "HTTP/1.1 200 OK"
2025-05-04 02:21:36,485 - INFO - HTTP Request: POST https://api.telegram.org/bot8038925716:AAFVN9VPHztw7vJikCBFQZ_1IaEK7Je4WFE/getUpdates "HTTP/1.1 200 OK"
2025-05-04 02:21:46,576 - INFO - HTTP Request: POST https://api.telegram.org/bot8038925716:AAFVN9VPHztw7vJikCBFQZ_1IaEK7Je4WFE/getUpdates "HTTP/1.1 200 OK"
2025-05-04 02:21:56,667 - INFO - HTTP Request: POST https://api.telegram.org/bot8038925716:AAFVN9VPHztw7vJikCBFQZ_1IaEK7Je4WFE/getUpdates "HTTP/1.1 200 OK"
2025-05-04 02:22:06,758 - INFO - HTTP Request: POST https://api.telegram.org/bot8038925716:AAFVN9VPHztw7vJikCBFQZ_1IaEK7Je4WFE/getUpdates "HTTP/1.1 200 OK"
2025-05-04 02:22:16,850 - INFO - HTTP Request: POST https://api.telegram.org/bot8038925716:AAFVN9VPHztw7vJikCBFQZ_1IaEK7Je4WFE/getUpdates "HTTP/1.1 200 OK"
2025-05-04 02:22:26,941 - INFO - HTTP Request: POST https://api.telegram.org/bot8038925716:AAFVN9VPHztw7vJikCBFQZ_1IaEK7Je4WFE/getUpdates "HTTP/1.1 200 OK"
2025-05-04 02:22:34,977 - INFO - HTTP Request: POST https://api.telegram.org/bot8038925716:AAFVN9VPHztw7vJikCBFQZ_1IaEK7Je4WFE/getMe "HTTP/1.1 200 OK"
2025-05-04 02:22:35,067 - INFO - HTTP Request: POST https://api.telegram.org/bot8038925716:AAFVN9VPHztw7vJikCBFQZ_1IaEK7Je4WFE/deleteWebhook "HTTP/1.1 200 OK"
2025-05-04 02:22:35,068 - INFO - Application started
2025-05-04 02:22:38,706 - INFO - HTTP Request: POST https://api.telegram.org/bot8038925716:AAFVN9VPHztw7vJikCBFQZ_1IaEK7Je4WFE/getUpdates "HTTP/1.1 200 OK"
2025-05-04 02:22:38,815 - INFO - HTTP Request: POST https://api.telegram.org/bot8038925716:AAFVN9VPHztw7vJikCBFQZ_1IaEK7Je4WFE/sendMessage "HTTP/1.1 200 OK"
2025-05-04 02:22:39,799 - INFO - HTTP Request: POST https://api.telegram.org/bot8038925716:AAFVN9VPHztw7vJikCBFQZ_1IaEK7Je4WFE/getUpdates "HTTP/1.1 200 OK"
2025-05-04 02:22:39,914 - INFO - HTTP Request: POST https://api.telegram.org/bot8038925716:AAFVN9VPHztw7vJikCBFQZ_1IaEK7Je4WFE/sendMessage "HTTP/1.1 200 OK"
2025-05-04 02:22:40,862 - INFO - HTTP Request: POST https://api.telegram.org/bot8038925716:AAFVN9VPHztw7vJikCBFQZ_1IaEK7Je4WFE/getUpdates "HTTP/1.1 200 OK"
2025-05-04 02:22:40,967 - INFO - HTTP Request: POST https://api.telegram.org/bot8038925716:AAFVN9VPHztw7vJikCBFQZ_1IaEK7Je4WFE/sendMessage "HTTP/1.1 200 OK"
2025-05-04 02:22:42,504 - INFO - HTTP Request: POST https://api.telegram.org/bot8038925716:AAFVN9VPHztw7vJikCBFQZ_1IaEK7Je4WFE/getUpdates "HTTP/1.1 200 OK"
2025-05-04 02:22:42,608 - INFO - HTTP Request: POST https://api.telegram.org/bot8038925716:AAFVN9VPHztw7vJikCBFQZ_1IaEK7Je4WFE/sendMessage "HTTP/1.1 200 OK"
2025-05-04 02:22:42,725 - INFO - HTTP Request: POST https://api.telegram.org/bot8038925716:AAFVN9VPHztw7vJikCBFQZ_1IaEK7Je4WFE/sendMessage "HTTP/1.1 200 OK"
2025-05-04 02:22:52,593 - INFO - HTTP Request: POST https://api.telegram.org/bot8038925716:AAFVN9VPHztw7vJikCBFQZ_1IaEK7Je4WFE/getUpdates "HTTP/1.1 200 OK"
2025-05-04 02:22:54,655 - INFO - HTTP Request: POST https://api.telegram.org/bot8038925716:AAFVN9VPHztw7vJikCBFQZ_1IaEK7Je4WFE/getUpdates "HTTP/1.1 200 OK"
2025-05-04 02:22:54,956 - INFO - HTTP Request: POST https://api.telegram.org/bot8038925716:AAFVN9VPHztw7vJikCBFQZ_1IaEK7Je4WFE/sendMessage "HTTP/1.1 200 OK"
2025-05-04 02:22:56,160 - INFO - HTTP Request: POST https://api.telegram.org/bot8038925716:AAFVN9VPHztw7vJikCBFQZ_1IaEK7Je4WFE/getUpdates "HTTP/1.1 200 OK"
2025-05-04 02:22:56,249 - INFO - HTTP Request: POST https://api.telegram.org/bot8038925716:AAFVN9VPHztw7vJikCBFQZ_1IaEK7Je4WFE/sendMessage "HTTP/1.1 200 OK"
2025-05-04 02:22:56,621 - INFO - HTTP Request: POST https://api.telegram.org/bot8038925716:AAFVN9VPHztw7vJikCBFQZ_1IaEK7Je4WFE/sendMessage "HTTP/1.1 200 OK"
2025-05-04 02:23:06,299 - INFO - HTTP Request: POST https://api.telegram.org/bot8038925716:AAFVN9VPHztw7vJikCBFQZ_1IaEK7Je4WFE/getUpdates "HTTP/1.1 200 OK"
2025-05-04 02:23:16,388 - INFO - HTTP Request: POST https://api.telegram.org/bot8038925716:AAFVN9VPHztw7vJikCBFQZ_1IaEK7Je4WFE/getUpdates "HTTP/1.1 200 OK"
2025-05-04 02:23:26,476 - INFO - HTTP Request: POST https://api.telegram.org/bot8038925716:AAFVN9VPHztw7vJikCBFQZ_1IaEK7Je4WFE/getUpdates "HTTP/1.1 200 OK"
2025-05-04 02:23:36,563 - INFO - HTTP Request: POST https://api.telegram.org/bot8038925716:AAFVN9VPHztw7vJikCBFQZ_1IaEK7Je4WFE/getUpdates "HTTP/1.1 200 OK"
2025-05-04 02:23:46,651 - INFO - HTTP Request: POST https://api.telegram.org/bot8038925716:AAFVN9VPHztw7vJikCBFQZ_1IaEK7Je4WFE/getUpdates "HTTP/1.1 200 OK"
2025-05-04 02:23:56,739 - INFO - HTTP Request: POST https://api.telegram.org/bot8038925716:AAFVN9VPHztw7vJikCBFQZ_1IaEK7Je4WFE/getUpdates "HTTP/1.1 200 OK"
2025-05-04 02:24:06,826 - INFO - HTTP Request: POST https://api.telegram.org/bot8038925716:AAFVN9VPHztw7vJikCBFQZ_1IaEK7Je4WFE/getUpdates "HTTP/1.1 200 OK"
2025-05-04 02:24:16,916 - INFO - HTTP Request: POST https://api.telegram.org/bot8038925716:AAFVN9VPHztw7vJikCBFQZ_1IaEK7Je4WFE/getUpdates "HTTP/1.1 200 OK"
2025-05-04 02:24:27,004 - INFO - HTTP Request: POST https://api.telegram.org/bot8038925716:AAFVN9VPHztw7vJikCBFQZ_1IaEK7Je4WFE/getUpdates "HTTP/1.1 200 OK"
2025-05-04 02:24:37,091 - INFO - HTTP Request: POST https://api.telegram.org/bot8038925716:AAFVN9VPHztw7vJikCBFQZ_1IaEK7Je4WFE/getUpdates "HTTP/1.1 200 OK"
2025-05-04 02:24:47,179 - INFO - HTTP Request: POST https://api.telegram.org/bot8038925716:AAFVN9VPHztw7vJikCBFQZ_1IaEK7Je4WFE/getUpdates "HTTP/1.1 200 OK"
2025-05-04 02:24:57,277 - INFO - HTTP Request: POST https://api.telegram.org/bot8038925716:AAFVN9VPHztw7vJikCBFQZ_1IaEK7Je4WFE/getUpdates "HTTP/1.1 200 OK"
2025-05-04 02:25:07,364 - INFO - HTTP Request: POST https://api.telegram.org/bot8038925716:AAFVN9VPHztw7vJikCBFQZ_1IaEK7Je4WFE/getUpdates "HTTP/1.1 200 OK"
2025-05-04 02:25:09,615 - INFO - HTTP Request: POST https://api.telegram.org/bot8038925716:AAFVN9VPHztw7vJikCBFQZ_1IaEK7Je4WFE/getUpdates "HTTP/1.1 200 OK"
2025-05-04 02:25:10,156 - INFO - HTTP Request: POST https://api.telegram.org/bot8038925716:AAFVN9VPHztw7vJikCBFQZ_1IaEK7Je4WFE/sendMessage "HTTP/1.1 200 OK"
2025-05-04 02:25:19,704 - INFO - HTTP Request: POST https://api.telegram.org/bot8038925716:AAFVN9VPHztw7vJikCBFQZ_1IaEK7Je4WFE/getUpdates "HTTP/1.1 200 OK"
2025-05-04 02:25:21,079 - INFO - HTTP Request: POST https://api.telegram.org/bot8038925716:AAFVN9VPHztw7vJikCBFQZ_1IaEK7Je4WFE/getUpdates "HTTP/1.1 200 OK"
2025-05-04 02:25:21,373 - INFO - HTTP Request: POST https://api.telegram.org/bot8038925716:AAFVN9VPHztw7vJikCBFQZ_1IaEK7Je4WFE/sendMessage "HTTP/1.1 200 OK"
2025-05-04 02:25:21,466 - INFO - HTTP Request: POST https://api.telegram.org/bot8038925716:AAFVN9VPHztw7vJikCBFQZ_1IaEK7Je4WFE/sendMessage "HTTP/1.1 200 OK"
2025-05-04 02:25:31,172 - INFO - HTTP Request: POST https://api.telegram.org/bot8038925716:AAFVN9VPHztw7vJikCBFQZ_1IaEK7Je4WFE/getUpdates "HTTP/1.1 200 OK"
2025-05-04 02:25:38,135 - INFO - HTTP Request: POST https://api.telegram.org/bot8038925716:AAFVN9VPHztw7vJikCBFQZ_1IaEK7Je4WFE/getUpdates "HTTP/1.1 200 OK"
2025-05-04 02:25:38,136 - INFO - Application is stopping. This might take a moment.
2025-05-04 02:25:38,136 - INFO - Application.stop() complete
2025-05-04 02:32:39,990 - INFO - HTTP Request: POST https://api.telegram.org/bot8038925716:AAFVN9VPHztw7vJikCBFQZ_1IaEK7Je4WFE/getMe "HTTP/1.1 200 OK"
2025-05-04 02:32:40,056 - INFO - HTTP Request: POST https://api.telegram.org/bot8038925716:AAFVN9VPHztw7vJikCBFQZ_1IaEK7Je4WFE/deleteWebhook "HTTP/1.1 200 OK"
2025-05-04 02:32:40,057 - INFO - Application started
2025-05-04 02:32:44,302 - INFO - HTTP Request: POST https://api.telegram.org/bot8038925716:AAFVN9VPHztw7vJikCBFQZ_1IaEK7Je4WFE/getUpdates "HTTP/1.1 200 OK"
2025-05-04 02:32:44,399 - INFO - HTTP Request: POST https://api.telegram.org/bot8038925716:AAFVN9VPHztw7vJikCBFQZ_1IaEK7Je4WFE/sendMessage "HTTP/1.1 200 OK"
2025-05-04 02:32:45,700 - INFO - HTTP Request: POST https://api.telegram.org/bot8038925716:AAFVN9VPHztw7vJikCBFQZ_1IaEK7Je4WFE/getUpdates "HTTP/1.1 200 OK"
2025-05-04 02:32:45,854 - INFO - HTTP Request: POST https://api.telegram.org/bot8038925716:AAFVN9VPHztw7vJikCBFQZ_1IaEK7Je4WFE/sendMessage "HTTP/1.1 200 OK"
2025-05-04 02:32:46,978 - INFO - HTTP Request: POST https://api.telegram.org/bot8038925716:AAFVN9VPHztw7vJikCBFQZ_1IaEK7Je4WFE/getUpdates "HTTP/1.1 200 OK"
2025-05-04 02:32:47,066 - INFO - HTTP Request: POST https://api.telegram.org/bot8038925716:AAFVN9VPHztw7vJikCBFQZ_1IaEK7Je4WFE/sendMessage "HTTP/1.1 200 OK"
2025-05-04 02:32:49,065 - INFO - HTTP Request: POST https://api.telegram.org/bot8038925716:AAFVN9VPHztw7vJikCBFQZ_1IaEK7Je4WFE/getUpdates "HTTP/1.1 200 OK"
2025-05-04 02:32:49,147 - INFO - HTTP Request: POST https://api.telegram.org/bot8038925716:AAFVN9VPHztw7vJikCBFQZ_1IaEK7Je4WFE/sendMessage "HTTP/1.1 200 OK"
2025-05-04 02:32:49,230 - INFO - HTTP Request: POST https://api.telegram.org/bot8038925716:AAFVN9VPHztw7vJikCBFQZ_1IaEK7Je4WFE/sendMessage "HTTP/1.1 200 OK"
2025-05-04 02:32:59,137 - INFO - HTTP Request: POST https://api.telegram.org/bot8038925716:AAFVN9VPHztw7vJikCBFQZ_1IaEK7Je4WFE/getUpdates "HTTP/1.1 200 OK"
2025-05-04 02:33:09,207 - INFO - HTTP Request: POST https://api.telegram.org/bot8038925716:AAFVN9VPHztw7vJikCBFQZ_1IaEK7Je4WFE/getUpdates "HTTP/1.1 200 OK"
2025-05-04 02:33:19,278 - INFO - HTTP Request: POST https://api.telegram.org/bot8038925716:AAFVN9VPHztw7vJikCBFQZ_1IaEK7Je4WFE/getUpdates "HTTP/1.1 200 OK"
2025-05-04 02:33:29,349 - INFO - HTTP Request: POST https://api.telegram.org/bot8038925716:AAFVN9VPHztw7vJikCBFQZ_1IaEK7Je4WFE/getUpdates "HTTP/1.1 200 OK"
2025-05-04 02:33:39,418 - INFO - HTTP Request: POST https://api.telegram.org/bot8038925716:AAFVN9VPHztw7vJikCBFQZ_1IaEK7Je4WFE/getUpdates "HTTP/1.1 200 OK"
2025-05-04 02:33:49,489 - INFO - HTTP Request: POST https://api.telegram.org/bot8038925716:AAFVN9VPHztw7vJikCBFQZ_1IaEK7Je4WFE/getUpdates "HTTP/1.1 200 OK"
2025-05-04 02:33:59,559 - INFO - HTTP Request: POST https://api.telegram.org/bot8038925716:AAFVN9VPHztw7vJikCBFQZ_1IaEK7Je4WFE/getUpdates "HTTP/1.1 200 OK"
2025-05-04 02:34:09,673 - INFO - HTTP Request: POST https://api.telegram.org/bot8038925716:AAFVN9VPHztw7vJikCBFQZ_1IaEK7Je4WFE/getUpdates "HTTP/1.1 200 OK"
2025-05-04 02:34:19,744 - INFO - HTTP Request: POST https://api.telegram.org/bot8038925716:AAFVN9VPHztw7vJikCBFQZ_1IaEK7Je4WFE/getUpdates "HTTP/1.1 200 OK"
2025-05-04 02:34:29,816 - INFO - HTTP Request: POST https://api.telegram.org/bot8038925716:AAFVN9VPHztw7vJikCBFQZ_1IaEK7Je4WFE/getUpdates "HTTP/1.1 200 OK"
2025-05-04 02:34:39,888 - INFO - HTTP Request: POST https://api.telegram.org/bot8038925716:AAFVN9VPHztw7vJikCBFQZ_1IaEK7Je4WFE/getUpdates "HTTP/1.1 200 OK"
2025-05-04 02:34:49,959 - INFO - HTTP Request: POST https://api.telegram.org/bot8038925716:AAFVN9VPHztw7vJikCBFQZ_1IaEK7Je4WFE/getUpdates "HTTP/1.1 200 OK"
2025-05-04 02:35:00,029 - INFO - HTTP Request: POST https://api.telegram.org/bot8038925716:AAFVN9VPHztw7vJikCBFQZ_1IaEK7Je4WFE/getUpdates "HTTP/1.1 200 OK"
2025-05-04 02:35:10,101 - INFO - HTTP Request: POST https://api.telegram.org/bot8038925716:AAFVN9VPHztw7vJikCBFQZ_1IaEK7Je4WFE/getUpdates "HTTP/1.1 200 OK"
2025-05-04 02:35:20,193 - INFO - HTTP Request: POST https://api.telegram.org/bot8038925716:AAFVN9VPHztw7vJikCBFQZ_1IaEK7Je4WFE/getUpdates "HTTP/1.1 200 OK"
2025-05-04 02:35:30,267 - INFO - HTTP Request: POST https://api.telegram.org/bot8038925716:AAFVN9VPHztw7vJikCBFQZ_1IaEK7Je4WFE/getUpdates "HTTP/1.1 200 OK"
2025-05-04 02:35:40,339 - INFO - HTTP Request: POST https://api.telegram.org/bot8038925716:AAFVN9VPHztw7vJikCBFQZ_1IaEK7Je4WFE/getUpdates "HTTP/1.1 200 OK"
2025-05-04 02:35:50,409 - INFO - HTTP Request: POST https://api.telegram.org/bot8038925716:AAFVN9VPHztw7vJikCBFQZ_1IaEK7Je4WFE/getUpdates "HTTP/1.1 200 OK"
2025-05-04 02:36:00,480 - INFO - HTTP Request: POST https://api.telegram.org/bot8038925716:AAFVN9VPHztw7vJikCBFQZ_1IaEK7Je4WFE/getUpdates "HTTP/1.1 200 OK"
2025-05-04 02:36:10,551 - INFO - HTTP Request: POST https://api.telegram.org/bot8038925716:AAFVN9VPHztw7vJikCBFQZ_1IaEK7Je4WFE/getUpdates "HTTP/1.1 200 OK"
2025-05-04 02:36:20,621 - INFO - HTTP Request: POST https://api.telegram.org/bot8038925716:AAFVN9VPHztw7vJikCBFQZ_1IaEK7Je4WFE/getUpdates "HTTP/1.1 200 OK"
2025-05-04 02:36:30,702 - INFO - HTTP Request: POST https://api.telegram.org/bot8038925716:AAFVN9VPHztw7vJikCBFQZ_1IaEK7Je4WFE/getUpdates "HTTP/1.1 200 OK"
2025-05-04 02:36:40,772 - INFO - HTTP Request: POST https://api.telegram.org/bot8038925716:AAFVN9VPHztw7vJikCBFQZ_1IaEK7Je4WFE/getUpdates "HTTP/1.1 200 OK"
2025-05-04 02:36:50,843 - INFO - HTTP Request: POST https://api.telegram.org/bot8038925716:AAFVN9VPHztw7vJikCBFQZ_1IaEK7Je4WFE/getUpdates "HTTP/1.1 200 OK"
2025-05-04 02:37:00,913 - INFO - HTTP Request: POST https://api.telegram.org/bot8038925716:AAFVN9VPHztw7vJikCBFQZ_1IaEK7Je4WFE/getUpdates "HTTP/1.1 200 OK"
2025-05-04 02:37:10,986 - INFO - HTTP Request: POST https://api.telegram.org/bot8038925716:AAFVN9VPHztw7vJikCBFQZ_1IaEK7Je4WFE/getUpdates "HTTP/1.1 200 OK"
2025-05-04 02:37:21,055 - INFO - HTTP Request: POST https://api.telegram.org/bot8038925716:AAFVN9VPHztw7vJikCBFQZ_1IaEK7Je4WFE/getUpdates "HTTP/1.1 200 OK"
2025-05-04 02:37:31,125 - INFO - HTTP Request: POST https://api.telegram.org/bot8038925716:AAFVN9VPHztw7vJikCBFQZ_1IaEK7Je4WFE/getUpdates "HTTP/1.1 200 OK"
2025-05-04 02:37:41,195 - INFO - HTTP Request: POST https://api.telegram.org/bot8038925716:AAFVN9VPHztw7vJikCBFQZ_1IaEK7Je4WFE/getUpdates "HTTP/1.1 200 OK"
2025-05-04 02:37:51,265 - INFO - HTTP Request: POST https://api.telegram.org/bot8038925716:AAFVN9VPHztw7vJikCBFQZ_1IaEK7Je4WFE/getUpdates "HTTP/1.1 200 OK"
2025-05-04 02:38:01,601 - INFO - HTTP Request: POST https://api.telegram.org/bot8038925716:AAFVN9VPHztw7vJikCBFQZ_1IaEK7Je4WFE/getUpdates "HTTP/1.1 200 OK"
2025-05-04 02:38:11,672 - INFO - HTTP Request: POST https://api.telegram.org/bot8038925716:AAFVN9VPHztw7vJikCBFQZ_1IaEK7Je4WFE/getUpdates "HTTP/1.1 200 OK"
2025-05-04 02:38:21,742 - INFO - HTTP Request: POST https://api.telegram.org/bot8038925716:AAFVN9VPHztw7vJikCBFQZ_1IaEK7Je4WFE/getUpdates "HTTP/1.1 200 OK"
2025-05-04 02:38:31,812 - INFO - HTTP Request: POST https://api.telegram.org/bot8038925716:AAFVN9VPHztw7vJikCBFQZ_1IaEK7Je4WFE/getUpdates "HTTP/1.1 200 OK"
2025-05-04 02:38:41,882 - INFO - HTTP Request: POST https://api.telegram.org/bot8038925716:AAFVN9VPHztw7vJikCBFQZ_1IaEK7Je4WFE/getUpdates "HTTP/1.1 200 OK"
2025-05-04 02:38:51,954 - INFO - HTTP Request: POST https://api.telegram.org/bot8038925716:AAFVN9VPHztw7vJikCBFQZ_1IaEK7Je4WFE/getUpdates "HTTP/1.1 200 OK"
2025-05-04 02:39:02,023 - INFO - HTTP Request: POST https://api.telegram.org/bot8038925716:AAFVN9VPHztw7vJikCBFQZ_1IaEK7Je4WFE/getUpdates "HTTP/1.1 200 OK"
2025-05-04 02:39:12,094 - INFO - HTTP Request: POST https://api.telegram.org/bot8038925716:AAFVN9VPHztw7vJikCBFQZ_1IaEK7Je4WFE/getUpdates "HTTP/1.1 200 OK"
2025-05-04 02:39:22,166 - INFO - HTTP Request: POST https://api.telegram.org/bot8038925716:AAFVN9VPHztw7vJikCBFQZ_1IaEK7Je4WFE/getUpdates "HTTP/1.1 200 OK"
2025-05-04 02:39:32,238 - INFO - HTTP Request: POST https://api.telegram.org/bot8038925716:AAFVN9VPHztw7vJikCBFQZ_1IaEK7Je4WFE/getUpdates "HTTP/1.1 200 OK"
2025-05-04 02:39:42,309 - INFO - HTTP Request: POST https://api.telegram.org/bot8038925716:AAFVN9VPHztw7vJikCBFQZ_1IaEK7Je4WFE/getUpdates "HTTP/1.1 200 OK"
2025-05-04 02:39:52,379 - INFO - HTTP Request: POST https://api.telegram.org/bot8038925716:AAFVN9VPHztw7vJikCBFQZ_1IaEK7Je4WFE/getUpdates "HTTP/1.1 200 OK"
2025-05-04 02:40:02,449 - INFO - HTTP Request: POST https://api.telegram.org/bot8038925716:AAFVN9VPHztw7vJikCBFQZ_1IaEK7Je4WFE/getUpdates "HTTP/1.1 200 OK"
2025-05-04 02:40:12,522 - INFO - HTTP Request: POST https://api.telegram.org/bot8038925716:AAFVN9VPHztw7vJikCBFQZ_1IaEK7Je4WFE/getUpdates "HTTP/1.1 200 OK"
2025-05-04 02:40:22,595 - INFO - HTTP Request: POST https://api.telegram.org/bot8038925716:AAFVN9VPHztw7vJikCBFQZ_1IaEK7Je4WFE/getUpdates "HTTP/1.1 200 OK"
2025-05-04 02:40:32,668 - INFO - HTTP Request: POST https://api.telegram.org/bot8038925716:AAFVN9VPHztw7vJikCBFQZ_1IaEK7Je4WFE/getUpdates "HTTP/1.1 200 OK"
2025-05-04 02:40:42,738 - INFO - HTTP Request: POST https://api.telegram.org/bot8038925716:AAFVN9VPHztw7vJikCBFQZ_1IaEK7Je4WFE/getUpdates "HTTP/1.1 200 OK"
2025-05-04 02:40:52,808 - INFO - HTTP Request: POST https://api.telegram.org/bot8038925716:AAFVN9VPHztw7vJikCBFQZ_1IaEK7Je4WFE/getUpdates "HTTP/1.1 200 OK"
2025-05-04 02:41:02,879 - INFO - HTTP Request: POST https://api.telegram.org/bot8038925716:AAFVN9VPHztw7vJikCBFQZ_1IaEK7Je4WFE/getUpdates "HTTP/1.1 200 OK"
2025-05-04 02:41:12,949 - INFO - HTTP Request: POST https://api.telegram.org/bot8038925716:AAFVN9VPHztw7vJikCBFQZ_1IaEK7Je4WFE/getUpdates "HTTP/1.1 200 OK"
2025-05-04 02:41:23,024 - INFO - HTTP Request: POST https://api.telegram.org/bot8038925716:AAFVN9VPHztw7vJikCBFQZ_1IaEK7Je4WFE/getUpdates "HTTP/1.1 200 OK"
2025-05-04 02:41:33,094 - INFO - HTTP Request: POST https://api.telegram.org/bot8038925716:AAFVN9VPHztw7vJikCBFQZ_1IaEK7Je4WFE/getUpdates "HTTP/1.1 200 OK"
2025-05-04 02:41:43,164 - INFO - HTTP Request: POST https://api.telegram.org/bot8038925716:AAFVN9VPHztw7vJikCBFQZ_1IaEK7Je4WFE/getUpdates "HTTP/1.1 200 OK"
2025-05-04 02:41:53,234 - INFO - HTTP Request: POST https://api.telegram.org/bot8038925716:AAFVN9VPHztw7vJikCBFQZ_1IaEK7Je4WFE/getUpdates "HTTP/1.1 200 OK"
2025-05-04 02:42:03,304 - INFO - HTTP Request: POST https://api.telegram.org/bot8038925716:AAFVN9VPHztw7vJikCBFQZ_1IaEK7Je4WFE/getUpdates "HTTP/1.1 200 OK"
2025-05-04 02:42:13,378 - INFO - HTTP Request: POST https://api.telegram.org/bot8038925716:AAFVN9VPHztw7vJikCBFQZ_1IaEK7Je4WFE/getUpdates "HTTP/1.1 200 OK"
2025-05-04 02:42:23,449 - INFO - HTTP Request: POST https://api.telegram.org/bot8038925716:AAFVN9VPHztw7vJikCBFQZ_1IaEK7Je4WFE/getUpdates "HTTP/1.1 200 OK"
2025-05-04 02:42:33,520 - INFO - HTTP Request: POST https://api.telegram.org/bot8038925716:AAFVN9VPHztw7vJikCBFQZ_1IaEK7Je4WFE/getUpdates "HTTP/1.1 200 OK"
2025-05-04 02:42:43,593 - INFO - HTTP Request: POST https://api.telegram.org/bot8038925716:AAFVN9VPHztw7vJikCBFQZ_1IaEK7Je4WFE/getUpdates "HTTP/1.1 200 OK"
2025-05-04 02:42:53,662 - INFO - HTTP Request: POST https://api.telegram.org/bot8038925716:AAFVN9VPHztw7vJikCBFQZ_1IaEK7Je4WFE/getUpdates "HTTP/1.1 200 OK"
2025-05-04 02:43:03,736 - INFO - HTTP Request: POST https://api.telegram.org/bot8038925716:AAFVN9VPHztw7vJikCBFQZ_1IaEK7Je4WFE/getUpdates "HTTP/1.1 200 OK"
2025-05-04 02:43:13,810 - INFO - HTTP Request: POST https://api.telegram.org/bot8038925716:AAFVN9VPHztw7vJikCBFQZ_1IaEK7Je4WFE/getUpdates "HTTP/1.1 200 OK"
2025-05-04 02:43:23,882 - INFO - HTTP Request: POST https://api.telegram.org/bot8038925716:AAFVN9VPHztw7vJikCBFQZ_1IaEK7Je4WFE/getUpdates "HTTP/1.1 200 OK"
2025-05-04 02:43:33,952 - INFO - HTTP Request: POST https://api.telegram.org/bot8038925716:AAFVN9VPHztw7vJikCBFQZ_1IaEK7Je4WFE/getUpdates "HTTP/1.1 200 OK"
2025-05-04 02:43:44,021 - INFO - HTTP Request: POST https://api.telegram.org/bot8038925716:AAFVN9VPHztw7vJikCBFQZ_1IaEK7Je4WFE/getUpdates "HTTP/1.1 200 OK"
2025-05-04 02:43:54,092 - INFO - HTTP Request: POST https://api.telegram.org/bot8038925716:AAFVN9VPHztw7vJikCBFQZ_1IaEK7Je4WFE/getUpdates "HTTP/1.1 200 OK"
2025-05-04 02:44:04,163 - INFO - HTTP Request: POST https://api.telegram.org/bot8038925716:AAFVN9VPHztw7vJikCBFQZ_1IaEK7Je4WFE/getUpdates "HTTP/1.1 200 OK"
2025-05-04 02:44:14,233 - INFO - HTTP Request: POST https://api.telegram.org/bot8038925716:AAFVN9VPHztw7vJikCBFQZ_1IaEK7Je4WFE/getUpdates "HTTP/1.1 200 OK"
2025-05-04 02:44:24,303 - INFO - HTTP Request: POST https://api.telegram.org/bot8038925716:AAFVN9VPHztw7vJikCBFQZ_1IaEK7Je4WFE/getUpdates "HTTP/1.1 200 OK"
2025-05-04 02:44:34,372 - INFO - HTTP Request: POST https://api.telegram.org/bot8038925716:AAFVN9VPHztw7vJikCBFQZ_1IaEK7Je4WFE/getUpdates "HTTP/1.1 200 OK"
2025-05-04 02:44:44,446 - INFO - HTTP Request: POST https://api.telegram.org/bot8038925716:AAFVN9VPHztw7vJikCBFQZ_1IaEK7Je4WFE/getUpdates "HTTP/1.1 200 OK"
2025-05-04 02:44:54,517 - INFO - HTTP Request: POST https://api.telegram.org/bot8038925716:AAFVN9VPHztw7vJikCBFQZ_1IaEK7Je4WFE/getUpdates "HTTP/1.1 200 OK"
2025-05-04 02:45:04,589 - INFO - HTTP Request: POST https://api.telegram.org/bot8038925716:AAFVN9VPHztw7vJikCBFQZ_1IaEK7Je4WFE/getUpdates "HTTP/1.1 200 OK"
2025-05-04 02:45:14,660 - INFO - HTTP Request: POST https://api.telegram.org/bot8038925716:AAFVN9VPHztw7vJikCBFQZ_1IaEK7Je4WFE/getUpdates "HTTP/1.1 200 OK"
2025-05-04 02:45:24,731 - INFO - HTTP Request: POST https://api.telegram.org/bot8038925716:AAFVN9VPHztw7vJikCBFQZ_1IaEK7Je4WFE/getUpdates "HTTP/1.1 200 OK"
2025-05-04 02:45:34,801 - INFO - HTTP Request: POST https://api.telegram.org/bot8038925716:AAFVN9VPHztw7vJikCBFQZ_1IaEK7Je4WFE/getUpdates "HTTP/1.1 200 OK"
2025-05-04 02:45:44,871 - INFO - HTTP Request: POST https://api.telegram.org/bot8038925716:AAFVN9VPHztw7vJikCBFQZ_1IaEK7Je4WFE/getUpdates "HTTP/1.1 200 OK"
2025-05-04 02:45:54,943 - INFO - HTTP Request: POST https://api.telegram.org/bot8038925716:AAFVN9VPHztw7vJikCBFQZ_1IaEK7Je4WFE/getUpdates "HTTP/1.1 200 OK"
2025-05-04 02:46:05,017 - INFO - HTTP Request: POST https://api.telegram.org/bot8038925716:AAFVN9VPHztw7vJikCBFQZ_1IaEK7Je4WFE/getUpdates "HTTP/1.1 200 OK"
2025-05-04 02:46:15,093 - INFO - HTTP Request: POST https://api.telegram.org/bot8038925716:AAFVN9VPHztw7vJikCBFQZ_1IaEK7Je4WFE/getUpdates "HTTP/1.1 200 OK"
2025-05-04 02:46:25,163 - INFO - HTTP Request: POST https://api.telegram.org/bot8038925716:AAFVN9VPHztw7vJikCBFQZ_1IaEK7Je4WFE/getUpdates "HTTP/1.1 200 OK"
2025-05-04 02:46:31,581 - INFO - HTTP Request: POST https://api.telegram.org/bot8038925716:AAFVN9VPHztw7vJikCBFQZ_1IaEK7Je4WFE/getUpdates "HTTP/1.1 200 OK"
2025-05-04 02:46:31,582 - INFO - Application is stopping. This might take a moment.
2025-05-04 02:46:31,582 - INFO - Application.stop() complete
